[train_fasterrcnn] Using device: cuda
[train_fasterrcnn] GPU: NVIDIA GeForce RTX 3050
[train_fasterrcnn] train images: 7874, val images: 224
  epoch 0 [20/3937] loss=0.1427 avg=0.2339
  epoch 0 [40/3937] loss=0.1630 avg=0.1965
  epoch 0 [60/3937] loss=0.1441 avg=0.2206
  epoch 0 [80/3937] loss=0.1758 avg=0.2253
  epoch 0 [100/3937] loss=0.0480 avg=0.2153
  epoch 0 [120/3937] loss=0.0364 avg=0.2129
  epoch 0 [140/3937] loss=0.0601 avg=0.1929
  epoch 0 [160/3937] loss=0.0885 avg=0.1901
  epoch 0 [180/3937] loss=0.0584 avg=0.1896
  epoch 0 [200/3937] loss=0.0052 avg=0.1844
  epoch 0 [220/3937] loss=0.0496 avg=0.1919
  epoch 0 [240/3937] loss=0.0520 avg=0.1812
  epoch 0 [260/3937] loss=0.0193 avg=0.1785
  epoch 0 [280/3937] loss=0.0039 avg=0.1708
  epoch 0 [300/3937] loss=0.0904 avg=0.1728
  epoch 0 [320/3937] loss=0.0183 avg=0.1676
  epoch 0 [340/3937] loss=0.4814 avg=0.1617
  epoch 0 [360/3937] loss=0.0846 avg=0.1624
  epoch 0 [380/3937] loss=0.0640 avg=0.1580
  epoch 0 [400/3937] loss=0.1440 avg=0.1617
  epoch 0 [420/3937] loss=0.1571 avg=0.1590
  epoch 0 [440/3937] loss=0.0069 avg=0.1572
  epoch 0 [460/3937] loss=0.0334 avg=0.1552
  epoch 0 [480/3937] loss=0.0025 avg=0.1557
  epoch 0 [500/3937] loss=0.3249 avg=0.1555
  epoch 0 [520/3937] loss=0.0014 avg=0.1552
  epoch 0 [540/3937] loss=0.0109 avg=0.1533
  epoch 0 [560/3937] loss=0.0063 avg=0.1516
  epoch 0 [580/3937] loss=0.0582 avg=0.1513
  epoch 0 [600/3937] loss=0.4013 avg=0.1523
  epoch 0 [620/3937] loss=0.0165 avg=0.1521
  epoch 0 [640/3937] loss=0.0397 avg=0.1501
  epoch 0 [660/3937] loss=0.0172 avg=0.1511
  epoch 0 [680/3937] loss=0.1012 avg=0.1489
  epoch 0 [700/3937] loss=0.0780 avg=0.1470
  epoch 0 [720/3937] loss=0.0724 avg=0.1458
  epoch 0 [740/3937] loss=0.1589 avg=0.1463
  epoch 0 [760/3937] loss=0.0014 avg=0.1469
  epoch 0 [780/3937] loss=0.0013 avg=0.1451
  epoch 0 [800/3937] loss=0.0051 avg=0.1448
  epoch 0 [820/3937] loss=0.1398 avg=0.1440
  epoch 0 [840/3937] loss=0.0920 avg=0.1435
  epoch 0 [860/3937] loss=0.0991 avg=0.1414
  epoch 0 [880/3937] loss=0.0206 avg=0.1395
  epoch 0 [900/3937] loss=0.0440 avg=0.1388
  epoch 0 [920/3937] loss=0.0665 avg=0.1382
  epoch 0 [940/3937] loss=0.0007 avg=0.1365
  epoch 0 [960/3937] loss=0.0014 avg=0.1349
  epoch 0 [980/3937] loss=0.0712 avg=0.1361
  epoch 0 [1000/3937] loss=0.2859 avg=0.1349
  epoch 0 [1020/3937] loss=0.0345 avg=0.1340
  epoch 0 [1040/3937] loss=0.0264 avg=0.1328
  epoch 0 [1060/3937] loss=0.0869 avg=0.1333
  epoch 0 [1080/3937] loss=0.0418 avg=0.1321
  epoch 0 [1100/3937] loss=0.0677 avg=0.1307
  epoch 0 [1120/3937] loss=0.1713 avg=0.1305
  epoch 0 [1140/3937] loss=0.0013 avg=0.1292
  epoch 0 [1160/3937] loss=0.0334 avg=0.1279
  epoch 0 [1180/3937] loss=0.0054 avg=0.1282
  epoch 0 [1200/3937] loss=0.0190 avg=0.1283
  epoch 0 [1220/3937] loss=0.0446 avg=0.1276
  epoch 0 [1240/3937] loss=0.1101 avg=0.1286
  epoch 0 [1260/3937] loss=0.0171 avg=0.1302
  epoch 0 [1280/3937] loss=0.0353 avg=0.1295
  epoch 0 [1300/3937] loss=0.0787 avg=0.1292
  epoch 0 [1320/3937] loss=0.1026 avg=0.1278
  epoch 0 [1340/3937] loss=0.0022 avg=0.1276
  epoch 0 [1360/3937] loss=0.0588 avg=0.1285
  epoch 0 [1380/3937] loss=0.0460 avg=0.1290
  epoch 0 [1400/3937] loss=0.3204 avg=0.1291
  epoch 0 [1420/3937] loss=0.0037 avg=0.1285
  epoch 0 [1440/3937] loss=0.3895 avg=0.1280
  epoch 0 [1460/3937] loss=0.4013 avg=0.1282
  epoch 0 [1480/3937] loss=0.0595 avg=0.1279
  epoch 0 [1500/3937] loss=0.0331 avg=0.1277
  epoch 0 [1520/3937] loss=0.0043 avg=0.1281
  epoch 0 [1540/3937] loss=0.0980 avg=0.1276
  epoch 0 [1560/3937] loss=0.0259 avg=0.1270
  epoch 0 [1580/3937] loss=0.0085 avg=0.1273
  epoch 0 [1600/3937] loss=0.0067 avg=0.1271
  epoch 0 [1620/3937] loss=0.0046 avg=0.1263
  epoch 0 [1640/3937] loss=0.0005 avg=0.1264
  epoch 0 [1660/3937] loss=0.6398 avg=0.1263
  epoch 0 [1680/3937] loss=0.1902 avg=0.1263
  epoch 0 [1700/3937] loss=0.0606 avg=0.1263
  epoch 0 [1720/3937] loss=0.0390 avg=0.1265
  epoch 0 [1740/3937] loss=0.5920 avg=0.1266
  epoch 0 [1760/3937] loss=0.0060 avg=0.1261
  epoch 0 [1780/3937] loss=0.0493 avg=0.1258
  epoch 0 [1800/3937] loss=0.0050 avg=0.1255
  epoch 0 [1820/3937] loss=0.0533 avg=0.1257
  epoch 0 [1840/3937] loss=0.0834 avg=0.1260
  epoch 0 [1860/3937] loss=0.0604 avg=0.1260
  epoch 0 [1880/3937] loss=0.5129 avg=0.1267
  epoch 0 [1900/3937] loss=0.0313 avg=0.1268
  epoch 0 [1920/3937] loss=0.1620 avg=0.1268
  epoch 0 [1940/3937] loss=0.0034 avg=0.1274
  epoch 0 [1960/3937] loss=0.1406 avg=0.1269
  epoch 0 [1980/3937] loss=0.0156 avg=0.1262
  epoch 0 [2000/3937] loss=0.5347 avg=0.1259
  epoch 0 [2020/3937] loss=1.4775 avg=0.1264
  epoch 0 [2040/3937] loss=0.0001 avg=0.1263
  epoch 0 [2060/3937] loss=0.0130 avg=0.1266
  epoch 0 [2080/3937] loss=0.0257 avg=0.1260
  epoch 0 [2100/3937] loss=0.0436 avg=0.1265
  epoch 0 [2120/3937] loss=0.1126 avg=0.1262
  epoch 0 [2140/3937] loss=0.0208 avg=0.1260
  epoch 0 [2160/3937] loss=0.0014 avg=0.1260
  epoch 0 [2180/3937] loss=0.0579 avg=0.1256
  epoch 0 [2200/3937] loss=0.0788 avg=0.1256
  epoch 0 [2220/3937] loss=0.0768 avg=0.1255
  epoch 0 [2240/3937] loss=0.0024 avg=0.1253
  epoch 0 [2260/3937] loss=0.1648 avg=0.1250
  epoch 0 [2280/3937] loss=0.0475 avg=0.1246
  epoch 0 [2300/3937] loss=0.1227 avg=0.1246
  epoch 0 [2320/3937] loss=0.0285 avg=0.1246
  epoch 0 [2340/3937] loss=0.0393 avg=0.1245
  epoch 0 [2360/3937] loss=0.0041 avg=0.1246
  epoch 0 [2380/3937] loss=0.0195 avg=0.1240
  epoch 0 [2400/3937] loss=0.0024 avg=0.1238
  epoch 0 [2420/3937] loss=0.0003 avg=0.1241
  epoch 0 [2440/3937] loss=0.0429 avg=0.1238
  epoch 0 [2460/3937] loss=0.0047 avg=0.1235
  epoch 0 [2480/3937] loss=0.0177 avg=0.1230
  epoch 0 [2500/3937] loss=0.1952 avg=0.1235
  epoch 0 [2520/3937] loss=0.0601 avg=0.1235
  epoch 0 [2540/3937] loss=0.0039 avg=0.1234
  epoch 0 [2560/3937] loss=0.1159 avg=0.1230
  epoch 0 [2580/3937] loss=0.1146 avg=0.1229
  epoch 0 [2600/3937] loss=0.0180 avg=0.1224
  epoch 0 [2620/3937] loss=0.2168 avg=0.1224
  epoch 0 [2640/3937] loss=0.0544 avg=0.1224
  epoch 0 [2660/3937] loss=0.0242 avg=0.1221
  epoch 0 [2680/3937] loss=0.0149 avg=0.1232
  epoch 0 [2700/3937] loss=0.0776 avg=0.1228
  epoch 0 [2720/3937] loss=0.2398 avg=0.1229
  epoch 0 [2740/3937] loss=0.0892 avg=0.1226
  epoch 0 [2760/3937] loss=0.0141 avg=0.1220
  epoch 0 [2780/3937] loss=0.0447 avg=0.1219
  epoch 0 [2800/3937] loss=0.0002 avg=0.1216
  epoch 0 [2820/3937] loss=0.0011 avg=0.1211
  epoch 0 [2840/3937] loss=0.0319 avg=0.1208
  epoch 0 [2860/3937] loss=0.0578 avg=0.1210
  epoch 0 [2880/3937] loss=0.0276 avg=0.1209
  epoch 0 [2900/3937] loss=0.0586 avg=0.1210
  epoch 0 [2920/3937] loss=0.0479 avg=0.1209
  epoch 0 [2940/3937] loss=0.1482 avg=0.1213
  epoch 0 [2960/3937] loss=0.0899 avg=0.1210
  epoch 0 [2980/3937] loss=0.3464 avg=0.1208
  epoch 0 [3000/3937] loss=0.0482 avg=0.1205
  epoch 0 [3020/3937] loss=0.0202 avg=0.1207
  epoch 0 [3040/3937] loss=0.0460 avg=0.1204
  epoch 0 [3060/3937] loss=0.1178 avg=0.1203
  epoch 0 [3080/3937] loss=0.4075 avg=0.1203
  epoch 0 [3100/3937] loss=0.0289 avg=0.1204
  epoch 0 [3120/3937] loss=0.0008 avg=0.1201
  epoch 0 [3140/3937] loss=0.0469 avg=0.1200
  epoch 0 [3160/3937] loss=0.0357 avg=0.1198
  epoch 0 [3180/3937] loss=0.0010 avg=0.1196
  epoch 0 [3200/3937] loss=0.0492 avg=0.1196
  epoch 0 [3220/3937] loss=0.0340 avg=0.1196
  epoch 0 [3240/3937] loss=0.0458 avg=0.1198
  epoch 0 [3260/3937] loss=0.0444 avg=0.1194
  epoch 0 [3280/3937] loss=0.0114 avg=0.1191
  epoch 0 [3300/3937] loss=0.3198 avg=0.1190
  epoch 0 [3320/3937] loss=0.0079 avg=0.1187
  epoch 0 [3340/3937] loss=0.5573 avg=0.1188
  epoch 0 [3360/3937] loss=0.0469 avg=0.1184
  epoch 0 [3380/3937] loss=0.0539 avg=0.1185
  epoch 0 [3400/3937] loss=0.0007 avg=0.1183
  epoch 0 [3420/3937] loss=0.0053 avg=0.1182
  epoch 0 [3440/3937] loss=0.0227 avg=0.1181
  epoch 0 [3460/3937] loss=0.1029 avg=0.1179
  epoch 0 [3480/3937] loss=0.0005 avg=0.1186
  epoch 0 [3500/3937] loss=0.0044 avg=0.1186
  epoch 0 [3520/3937] loss=0.0014 avg=0.1184
  epoch 0 [3540/3937] loss=0.0637 avg=0.1188
  epoch 0 [3560/3937] loss=0.3723 avg=0.1189
  epoch 0 [3580/3937] loss=0.0678 avg=0.1187
  epoch 0 [3600/3937] loss=0.0037 avg=0.1185
  epoch 0 [3620/3937] loss=0.0041 avg=0.1181
  epoch 0 [3640/3937] loss=0.0142 avg=0.1186
  epoch 0 [3660/3937] loss=0.0010 avg=0.1185
  epoch 0 [3680/3937] loss=0.0260 avg=0.1184
  epoch 0 [3700/3937] loss=0.1400 avg=0.1184
  epoch 0 [3720/3937] loss=0.1778 avg=0.1182
  epoch 0 [3740/3937] loss=0.0096 avg=0.1182
  epoch 0 [3760/3937] loss=0.7223 avg=0.1182
  epoch 0 [3780/3937] loss=0.0569 avg=0.1182
  epoch 0 [3800/3937] loss=0.0377 avg=0.1180
  epoch 0 [3820/3937] loss=0.0284 avg=0.1177
  epoch 0 [3840/3937] loss=0.0004 avg=0.1173
  epoch 0 [3860/3937] loss=0.1436 avg=0.1172
  epoch 0 [3880/3937] loss=0.1678 avg=0.1171
  epoch 0 [3900/3937] loss=0.0031 avg=0.1172
  epoch 0 [3920/3937] loss=0.0717 avg=0.1172
[train] epoch 0 done in 1154.1s, avg loss 0.1171
[val]   avg loss 0.2074
[train_fasterrcnn] Saved trained_model\epochs\epoch_0.pth
[train_fasterrcnn] New best model by val_loss: trained_model\best_model.pth (val_loss=0.2074)
  epoch 1 [20/3937] loss=0.0198 avg=0.0660
  epoch 1 [40/3937] loss=0.0923 avg=0.0536
  epoch 1 [60/3937] loss=0.2036 avg=0.0961
  epoch 1 [80/3937] loss=0.9544 avg=0.1019
  epoch 1 [100/3937] loss=0.0250 avg=0.0917
  epoch 1 [120/3937] loss=0.0012 avg=0.0935
  epoch 1 [140/3937] loss=0.0350 avg=0.0948
  epoch 1 [160/3937] loss=0.0864 avg=0.0939
  epoch 1 [180/3937] loss=0.0279 avg=0.1046
  epoch 1 [200/3937] loss=0.2383 avg=0.1020
  epoch 1 [220/3937] loss=0.0217 avg=0.1040
  epoch 1 [240/3937] loss=0.0777 avg=0.1071
  epoch 1 [260/3937] loss=0.0044 avg=0.1050
  epoch 1 [280/3937] loss=0.0288 avg=0.1080
  epoch 1 [300/3937] loss=0.1301 avg=0.1069
  epoch 1 [320/3937] loss=0.0024 avg=0.1082
  epoch 1 [340/3937] loss=0.0552 avg=0.1124
  epoch 1 [360/3937] loss=0.0666 avg=0.1108
  epoch 1 [380/3937] loss=0.0009 avg=0.1098
  epoch 1 [400/3937] loss=0.0727 avg=0.1094
  epoch 1 [420/3937] loss=0.0215 avg=0.1101
  epoch 1 [440/3937] loss=0.0010 avg=0.1094
  epoch 1 [460/3937] loss=0.0226 avg=0.1078
  epoch 1 [480/3937] loss=0.0517 avg=0.1078
  epoch 1 [500/3937] loss=0.0383 avg=0.1069
  epoch 1 [520/3937] loss=0.0005 avg=0.1047
  epoch 1 [540/3937] loss=0.2772 avg=0.1046
  epoch 1 [560/3937] loss=0.0019 avg=0.1045
  epoch 1 [580/3937] loss=0.0262 avg=0.1040
  epoch 1 [600/3937] loss=0.0748 avg=0.1045
  epoch 1 [620/3937] loss=0.0279 avg=0.1070
  epoch 1 [640/3937] loss=0.0282 avg=0.1069
  epoch 1 [660/3937] loss=0.0233 avg=0.1056
  epoch 1 [680/3937] loss=0.0641 avg=0.1063
  epoch 1 [700/3937] loss=0.1119 avg=0.1076
  epoch 1 [720/3937] loss=0.1025 avg=0.1070
  epoch 1 [740/3937] loss=0.0023 avg=0.1061
  epoch 1 [760/3937] loss=0.0002 avg=0.1055
  epoch 1 [780/3937] loss=0.0002 avg=0.1036
  epoch 1 [800/3937] loss=0.1920 avg=0.1037
  epoch 1 [820/3937] loss=0.0016 avg=0.1025
  epoch 1 [840/3937] loss=0.1926 avg=0.1022
  epoch 1 [860/3937] loss=0.0857 avg=0.1007
  epoch 1 [880/3937] loss=0.0279 avg=0.1006
  epoch 1 [900/3937] loss=0.0500 avg=0.1006
  epoch 1 [920/3937] loss=0.0167 avg=0.1017
  epoch 1 [940/3937] loss=0.0641 avg=0.1027
  epoch 1 [960/3937] loss=0.0003 avg=0.1019
  epoch 1 [980/3937] loss=0.7771 avg=0.1028
  epoch 1 [1000/3937] loss=0.0014 avg=0.1037
  epoch 1 [1020/3937] loss=0.0493 avg=0.1037
  epoch 1 [1040/3937] loss=0.0006 avg=0.1027
  epoch 1 [1060/3937] loss=0.1341 avg=0.1018
  epoch 1 [1080/3937] loss=0.0081 avg=0.1015
  epoch 1 [1100/3937] loss=0.0339 avg=0.1012
  epoch 1 [1120/3937] loss=0.0027 avg=0.1015
  epoch 1 [1140/3937] loss=0.0008 avg=0.1005
  epoch 1 [1160/3937] loss=0.0004 avg=0.0999
  epoch 1 [1180/3937] loss=0.0098 avg=0.0993
  epoch 1 [1200/3937] loss=0.0417 avg=0.0990
  epoch 1 [1220/3937] loss=0.9881 avg=0.1001
  epoch 1 [1240/3937] loss=0.5849 avg=0.1005
  epoch 1 [1260/3937] loss=0.0672 avg=0.0999
  epoch 1 [1280/3937] loss=0.1209 avg=0.1001
  epoch 1 [1300/3937] loss=0.3710 avg=0.1018
  epoch 1 [1320/3937] loss=0.0005 avg=0.1015
  epoch 1 [1340/3937] loss=0.0654 avg=0.1016
  epoch 1 [1360/3937] loss=0.0033 avg=0.1012
  epoch 1 [1380/3937] loss=0.0001 avg=0.1005
  epoch 1 [1400/3937] loss=0.0020 avg=0.1004
  epoch 1 [1420/3937] loss=0.0016 avg=0.1008
  epoch 1 [1440/3937] loss=0.1316 avg=0.1003
  epoch 1 [1460/3937] loss=1.3243 avg=0.1013
  epoch 1 [1480/3937] loss=0.1045 avg=0.1015
  epoch 1 [1500/3937] loss=0.1299 avg=0.1008
  epoch 1 [1520/3937] loss=0.3546 avg=0.1009
  epoch 1 [1540/3937] loss=0.0011 avg=0.1008
  epoch 1 [1560/3937] loss=0.0875 avg=0.1002
  epoch 1 [1580/3937] loss=0.1068 avg=0.0997
  epoch 1 [1600/3937] loss=0.0083 avg=0.0995
  epoch 1 [1620/3937] loss=0.0003 avg=0.0988
  epoch 1 [1640/3937] loss=0.1155 avg=0.0992
  epoch 1 [1660/3937] loss=0.2355 avg=0.0985
  epoch 1 [1680/3937] loss=0.0005 avg=0.0985
  epoch 1 [1700/3937] loss=0.0003 avg=0.0984
  epoch 1 [1720/3937] loss=0.6210 avg=0.0983
  epoch 1 [1740/3937] loss=0.0007 avg=0.0976
  epoch 1 [1760/3937] loss=0.0000 avg=0.0974
  epoch 1 [1780/3937] loss=0.0697 avg=0.0971
  epoch 1 [1800/3937] loss=0.0881 avg=0.0969
  epoch 1 [1820/3937] loss=0.1231 avg=0.0963
  epoch 1 [1840/3937] loss=0.0966 avg=0.0960
  epoch 1 [1860/3937] loss=0.0206 avg=0.0963
  epoch 1 [1880/3937] loss=0.0007 avg=0.0964
  epoch 1 [1900/3937] loss=0.1050 avg=0.0960
  epoch 1 [1920/3937] loss=0.0334 avg=0.0961
  epoch 1 [1940/3937] loss=0.0392 avg=0.0957
  epoch 1 [1960/3937] loss=0.0450 avg=0.0957
  epoch 1 [1980/3937] loss=0.0006 avg=0.0965
  epoch 1 [2000/3937] loss=0.0466 avg=0.0959
  epoch 1 [2020/3937] loss=0.3222 avg=0.0959
  epoch 1 [2040/3937] loss=0.2137 avg=0.0960
  epoch 1 [2060/3937] loss=0.0821 avg=0.0960
  epoch 1 [2080/3937] loss=0.0002 avg=0.0966
  epoch 1 [2100/3937] loss=0.0002 avg=0.0966
  epoch 1 [2120/3937] loss=0.0328 avg=0.0966
  epoch 1 [2140/3937] loss=0.0009 avg=0.0961
  epoch 1 [2160/3937] loss=0.1634 avg=0.0969
  epoch 1 [2180/3937] loss=0.3940 avg=0.0969
  epoch 1 [2200/3937] loss=0.0288 avg=0.0964
  epoch 1 [2220/3937] loss=0.1954 avg=0.0960
  epoch 1 [2240/3937] loss=0.0594 avg=0.0960
  epoch 1 [2260/3937] loss=0.0255 avg=0.0958
  epoch 1 [2280/3937] loss=0.0010 avg=0.0956
  epoch 1 [2300/3937] loss=0.0001 avg=0.0954
  epoch 1 [2320/3937] loss=0.1124 avg=0.0957
  epoch 1 [2340/3937] loss=0.1174 avg=0.0958
  epoch 1 [2360/3937] loss=0.2074 avg=0.0963
  epoch 1 [2380/3937] loss=0.0006 avg=0.0959
  epoch 1 [2400/3937] loss=0.0702 avg=0.0964
  epoch 1 [2420/3937] loss=0.0425 avg=0.0962
  epoch 1 [2440/3937] loss=0.0415 avg=0.0959
  epoch 1 [2460/3937] loss=0.1840 avg=0.0961
  epoch 1 [2480/3937] loss=0.0011 avg=0.0965
  epoch 1 [2500/3937] loss=0.0630 avg=0.0962
  epoch 1 [2520/3937] loss=0.0275 avg=0.0960
  epoch 1 [2540/3937] loss=0.0002 avg=0.0959
  epoch 1 [2560/3937] loss=0.0612 avg=0.0963
  epoch 1 [2580/3937] loss=0.0019 avg=0.0963
  epoch 1 [2600/3937] loss=0.0002 avg=0.0962
  epoch 1 [2620/3937] loss=0.0383 avg=0.0959
  epoch 1 [2640/3937] loss=0.0107 avg=0.0962
  epoch 1 [2660/3937] loss=0.0002 avg=0.0964
  epoch 1 [2680/3937] loss=0.0253 avg=0.0966
  epoch 1 [2700/3937] loss=0.0319 avg=0.0972
  epoch 1 [2720/3937] loss=0.0621 avg=0.0974
  epoch 1 [2740/3937] loss=0.0805 avg=0.0976
  epoch 1 [2760/3937] loss=0.0317 avg=0.0978
  epoch 1 [2780/3937] loss=0.0161 avg=0.0976
  epoch 1 [2800/3937] loss=0.0862 avg=0.0972
  epoch 1 [2820/3937] loss=0.2183 avg=0.0972
  epoch 1 [2840/3937] loss=0.0404 avg=0.0969
  epoch 1 [2860/3937] loss=0.1281 avg=0.0970
  epoch 1 [2880/3937] loss=0.0006 avg=0.0973
  epoch 1 [2900/3937] loss=0.0233 avg=0.0973
  epoch 1 [2920/3937] loss=0.0519 avg=0.0972
  epoch 1 [2940/3937] loss=0.0011 avg=0.0972
  epoch 1 [2960/3937] loss=0.0276 avg=0.0970
  epoch 1 [2980/3937] loss=0.3284 avg=0.0977
  epoch 1 [3000/3937] loss=0.0402 avg=0.0974
  epoch 1 [3020/3937] loss=0.0287 avg=0.0977
  epoch 1 [3040/3937] loss=0.0661 avg=0.0977
  epoch 1 [3060/3937] loss=0.0310 avg=0.0978
  epoch 1 [3080/3937] loss=0.0004 avg=0.0978
  epoch 1 [3100/3937] loss=0.0004 avg=0.0975
  epoch 1 [3120/3937] loss=0.0445 avg=0.0977
  epoch 1 [3140/3937] loss=0.0001 avg=0.0972
  epoch 1 [3160/3937] loss=0.1240 avg=0.0971
  epoch 1 [3180/3937] loss=0.0013 avg=0.0972
  epoch 1 [3200/3937] loss=0.0239 avg=0.0971
  epoch 1 [3220/3937] loss=0.1986 avg=0.0970
  epoch 1 [3240/3937] loss=0.0576 avg=0.0968
  epoch 1 [3260/3937] loss=0.2281 avg=0.0971
  epoch 1 [3280/3937] loss=0.0310 avg=0.0970
  epoch 1 [3300/3937] loss=0.0003 avg=0.0967
  epoch 1 [3320/3937] loss=0.0005 avg=0.0965
  epoch 1 [3340/3937] loss=0.4263 avg=0.0971
  epoch 1 [3360/3937] loss=0.0226 avg=0.0974
  epoch 1 [3380/3937] loss=0.0039 avg=0.0973
  epoch 1 [3400/3937] loss=0.0276 avg=0.0970
  epoch 1 [3420/3937] loss=0.0099 avg=0.0970
  epoch 1 [3440/3937] loss=0.0011 avg=0.0967
  epoch 1 [3460/3937] loss=0.0008 avg=0.0966
  epoch 1 [3480/3937] loss=0.0363 avg=0.0966
  epoch 1 [3500/3937] loss=0.0609 avg=0.0964
  epoch 1 [3520/3937] loss=0.0012 avg=0.0962
  epoch 1 [3540/3937] loss=0.0003 avg=0.0959
  epoch 1 [3560/3937] loss=0.0166 avg=0.0960
  epoch 1 [3580/3937] loss=0.0302 avg=0.0962
  epoch 1 [3600/3937] loss=0.8163 avg=0.0964
  epoch 1 [3620/3937] loss=0.0014 avg=0.0963
  epoch 1 [3640/3937] loss=0.0419 avg=0.0962
  epoch 1 [3660/3937] loss=0.6909 avg=0.0964
  epoch 1 [3680/3937] loss=0.1095 avg=0.0965
  epoch 1 [3700/3937] loss=0.0392 avg=0.0962
  epoch 1 [3720/3937] loss=0.0127 avg=0.0961
  epoch 1 [3740/3937] loss=0.0027 avg=0.0960
  epoch 1 [3760/3937] loss=0.4936 avg=0.0959
  epoch 1 [3780/3937] loss=0.0456 avg=0.0959
  epoch 1 [3800/3937] loss=0.0154 avg=0.0957
  epoch 1 [3820/3937] loss=0.1871 avg=0.0955
  epoch 1 [3840/3937] loss=0.0598 avg=0.0960
  epoch 1 [3860/3937] loss=0.0021 avg=0.0962
  epoch 1 [3880/3937] loss=0.4724 avg=0.0960
  epoch 1 [3900/3937] loss=0.0654 avg=0.0962
  epoch 1 [3920/3937] loss=0.0002 avg=0.0965
[train] epoch 1 done in 1066.3s, avg loss 0.0966
[val]   avg loss 0.1875
[train_fasterrcnn] Saved trained_model\epochs\epoch_1.pth
[train_fasterrcnn] New best model by val_loss: trained_model\best_model.pth (val_loss=0.1875)
  epoch 2 [20/3937] loss=0.0357 avg=0.0362
  epoch 2 [40/3937] loss=0.0401 avg=0.0475
  epoch 2 [60/3937] loss=0.3531 avg=0.0691
  epoch 2 [80/3937] loss=0.0007 avg=0.0659
  epoch 2 [100/3937] loss=0.5776 avg=0.0641
  epoch 2 [120/3937] loss=0.4962 avg=0.0693
  epoch 2 [140/3937] loss=0.0598 avg=0.0688
  epoch 2 [160/3937] loss=0.0387 avg=0.0800
  epoch 2 [180/3937] loss=0.0001 avg=0.0799
  epoch 2 [200/3937] loss=0.0851 avg=0.0836
  epoch 2 [220/3937] loss=0.0391 avg=0.0791
  epoch 2 [240/3937] loss=0.0045 avg=0.0872
  epoch 2 [260/3937] loss=0.0005 avg=0.0849
  epoch 2 [280/3937] loss=0.4939 avg=0.0828
  epoch 2 [300/3937] loss=0.1972 avg=0.0822
  epoch 2 [320/3937] loss=0.0561 avg=0.0816
  epoch 2 [340/3937] loss=0.0005 avg=0.0801
  epoch 2 [360/3937] loss=0.6477 avg=0.0827
  epoch 2 [380/3937] loss=0.0514 avg=0.0810
  epoch 2 [400/3937] loss=0.7383 avg=0.0867
  epoch 2 [420/3937] loss=0.0018 avg=0.0855
  epoch 2 [440/3937] loss=0.0037 avg=0.0871
  epoch 2 [460/3937] loss=0.0027 avg=0.0880
  epoch 2 [480/3937] loss=0.0026 avg=0.0888
  epoch 2 [500/3937] loss=0.0975 avg=0.0883
  epoch 2 [520/3937] loss=0.0031 avg=0.0885
  epoch 2 [540/3937] loss=0.2737 avg=0.0883
  epoch 2 [560/3937] loss=0.0833 avg=0.0877
  epoch 2 [580/3937] loss=0.0341 avg=0.0855
  epoch 2 [600/3937] loss=0.0148 avg=0.0845
  epoch 2 [620/3937] loss=0.0276 avg=0.0839
  epoch 2 [640/3937] loss=0.0413 avg=0.0860
  epoch 2 [660/3937] loss=0.1002 avg=0.0853
  epoch 2 [680/3937] loss=0.0017 avg=0.0846
  epoch 2 [700/3937] loss=0.0366 avg=0.0845
  epoch 2 [720/3937] loss=0.2170 avg=0.0862
  epoch 2 [740/3937] loss=0.1024 avg=0.0865
  epoch 2 [760/3937] loss=0.0002 avg=0.0853
  epoch 2 [780/3937] loss=0.0585 avg=0.0866
  epoch 2 [800/3937] loss=0.0310 avg=0.0867
  epoch 2 [820/3937] loss=0.1336 avg=0.0869
  epoch 2 [840/3937] loss=0.0892 avg=0.0880
  epoch 2 [860/3937] loss=0.2875 avg=0.0891
  epoch 2 [880/3937] loss=0.0013 avg=0.0884
  epoch 2 [900/3937] loss=0.0422 avg=0.0887
  epoch 2 [920/3937] loss=0.0338 avg=0.0879
  epoch 2 [940/3937] loss=0.0484 avg=0.0868
  epoch 2 [960/3937] loss=0.0346 avg=0.0871
  epoch 2 [980/3937] loss=0.0580 avg=0.0868
  epoch 2 [1000/3937] loss=0.0538 avg=0.0856
  epoch 2 [1020/3937] loss=0.0034 avg=0.0851
  epoch 2 [1040/3937] loss=0.0021 avg=0.0849
  epoch 2 [1060/3937] loss=0.0552 avg=0.0859
  epoch 2 [1080/3937] loss=1.1626 avg=0.0873
  epoch 2 [1100/3937] loss=0.0294 avg=0.0878
  epoch 2 [1120/3937] loss=0.0075 avg=0.0884
  epoch 2 [1140/3937] loss=0.0007 avg=0.0880
  epoch 2 [1160/3937] loss=0.0077 avg=0.0883
  epoch 2 [1180/3937] loss=0.0937 avg=0.0893
  epoch 2 [1200/3937] loss=0.0038 avg=0.0892
  epoch 2 [1220/3937] loss=0.2691 avg=0.0895
  epoch 2 [1240/3937] loss=0.0126 avg=0.0890
  epoch 2 [1260/3937] loss=0.0018 avg=0.0891
  epoch 2 [1280/3937] loss=0.0828 avg=0.0906
  epoch 2 [1300/3937] loss=0.0367 avg=0.0910
  epoch 2 [1320/3937] loss=0.0298 avg=0.0903
  epoch 2 [1340/3937] loss=0.1007 avg=0.0906
  epoch 2 [1360/3937] loss=0.0446 avg=0.0906
  epoch 2 [1380/3937] loss=0.3719 avg=0.0903
  epoch 2 [1400/3937] loss=0.0209 avg=0.0899
  epoch 2 [1420/3937] loss=0.7118 avg=0.0900
  epoch 2 [1440/3937] loss=0.1546 avg=0.0902
  epoch 2 [1460/3937] loss=0.0018 avg=0.0906
  epoch 2 [1480/3937] loss=0.0248 avg=0.0915
  epoch 2 [1500/3937] loss=0.0617 avg=0.0911
  epoch 2 [1520/3937] loss=0.1447 avg=0.0909
  epoch 2 [1540/3937] loss=0.1554 avg=0.0920
  epoch 2 [1560/3937] loss=0.1180 avg=0.0916
  epoch 2 [1580/3937] loss=0.0897 avg=0.0917
  epoch 2 [1600/3937] loss=0.1984 avg=0.0914
  epoch 2 [1620/3937] loss=0.0000 avg=0.0910
  epoch 2 [1640/3937] loss=0.2358 avg=0.0911
  epoch 2 [1660/3937] loss=0.0662 avg=0.0913
  epoch 2 [1680/3937] loss=0.0032 avg=0.0917
  epoch 2 [1700/3937] loss=0.0944 avg=0.0920
  epoch 2 [1720/3937] loss=0.0571 avg=0.0918
  epoch 2 [1740/3937] loss=0.1467 avg=0.0914
  epoch 2 [1760/3937] loss=0.4261 avg=0.0909
  epoch 2 [1780/3937] loss=0.1643 avg=0.0913
  epoch 2 [1800/3937] loss=0.0001 avg=0.0916
  epoch 2 [1820/3937] loss=0.0265 avg=0.0928
  epoch 2 [1840/3937] loss=0.0177 avg=0.0929
  epoch 2 [1860/3937] loss=0.0141 avg=0.0930
  epoch 2 [1880/3937] loss=0.4583 avg=0.0934
  epoch 2 [1900/3937] loss=0.0031 avg=0.0935
  epoch 2 [1920/3937] loss=0.0592 avg=0.0935
  epoch 2 [1940/3937] loss=0.0405 avg=0.0933
  epoch 2 [1960/3937] loss=0.0095 avg=0.0938
  epoch 2 [1980/3937] loss=0.0941 avg=0.0934
  epoch 2 [2000/3937] loss=0.0288 avg=0.0937
  epoch 2 [2020/3937] loss=0.0001 avg=0.0939
  epoch 2 [2040/3937] loss=0.0017 avg=0.0938
  epoch 2 [2060/3937] loss=0.0279 avg=0.0934
  epoch 2 [2080/3937] loss=0.0746 avg=0.0932
  epoch 2 [2100/3937] loss=0.0002 avg=0.0932
  epoch 2 [2120/3937] loss=0.0286 avg=0.0939
  epoch 2 [2140/3937] loss=0.0760 avg=0.0942
  epoch 2 [2160/3937] loss=0.0061 avg=0.0942
  epoch 2 [2180/3937] loss=0.0742 avg=0.0945
  epoch 2 [2200/3937] loss=0.1092 avg=0.0942
  epoch 2 [2220/3937] loss=0.0425 avg=0.0942
  epoch 2 [2240/3937] loss=0.0002 avg=0.0940
  epoch 2 [2260/3937] loss=0.0911 avg=0.0941
  epoch 2 [2280/3937] loss=0.0337 avg=0.0939
  epoch 2 [2300/3937] loss=0.0578 avg=0.0932
  epoch 2 [2320/3937] loss=0.0348 avg=0.0937
  epoch 2 [2340/3937] loss=0.0511 avg=0.0935
  epoch 2 [2360/3937] loss=0.0525 avg=0.0935
  epoch 2 [2380/3937] loss=0.0802 avg=0.0936
  epoch 2 [2400/3937] loss=0.6609 avg=0.0943
  epoch 2 [2420/3937] loss=0.0013 avg=0.0943
  epoch 2 [2440/3937] loss=0.3394 avg=0.0943
  epoch 2 [2460/3937] loss=0.2102 avg=0.0948
  epoch 2 [2480/3937] loss=1.0450 avg=0.0951
  epoch 2 [2500/3937] loss=0.1625 avg=0.0955
  epoch 2 [2520/3937] loss=0.0271 avg=0.0953
  epoch 2 [2540/3937] loss=0.0414 avg=0.0950
  epoch 2 [2560/3937] loss=0.0027 avg=0.0950
  epoch 2 [2580/3937] loss=0.0037 avg=0.0945
  epoch 2 [2600/3937] loss=0.0509 avg=0.0945
  epoch 2 [2620/3937] loss=0.5096 avg=0.0955
  epoch 2 [2640/3937] loss=0.0706 avg=0.0954
  epoch 2 [2660/3937] loss=0.0547 avg=0.0956
  epoch 2 [2680/3937] loss=0.1393 avg=0.0959
  epoch 2 [2700/3937] loss=0.7300 avg=0.0961
  epoch 2 [2720/3937] loss=0.0055 avg=0.0959
  epoch 2 [2740/3937] loss=0.0006 avg=0.0958
  epoch 2 [2760/3937] loss=0.0725 avg=0.0960
  epoch 2 [2780/3937] loss=0.0043 avg=0.0963
  epoch 2 [2800/3937] loss=0.0264 avg=0.0964
  epoch 2 [2820/3937] loss=0.0145 avg=0.0964
  epoch 2 [2840/3937] loss=0.0095 avg=0.0966
  epoch 2 [2860/3937] loss=0.0031 avg=0.0964
  epoch 2 [2880/3937] loss=0.0108 avg=0.0963
  epoch 2 [2900/3937] loss=0.2105 avg=0.0963
  epoch 2 [2920/3937] loss=0.2557 avg=0.0961
  epoch 2 [2940/3937] loss=0.0976 avg=0.0960
  epoch 2 [2960/3937] loss=0.0341 avg=0.0959
  epoch 2 [2980/3937] loss=1.0260 avg=0.0962
  epoch 2 [3000/3937] loss=0.0020 avg=0.0964
  epoch 2 [3020/3937] loss=0.0689 avg=0.0966
  epoch 2 [3040/3937] loss=0.0016 avg=0.0968
  epoch 2 [3060/3937] loss=0.0449 avg=0.0965
  epoch 2 [3080/3937] loss=0.0279 avg=0.0960
  epoch 2 [3100/3937] loss=0.1455 avg=0.0962
  epoch 2 [3120/3937] loss=0.0016 avg=0.0962
  epoch 2 [3140/3937] loss=0.0277 avg=0.0962
  epoch 2 [3160/3937] loss=0.0171 avg=0.0964
  epoch 2 [3180/3937] loss=0.0025 avg=0.0963
  epoch 2 [3200/3937] loss=0.0542 avg=0.0963
  epoch 2 [3220/3937] loss=0.0407 avg=0.0962
  epoch 2 [3240/3937] loss=0.0017 avg=0.0962
  epoch 2 [3260/3937] loss=0.0215 avg=0.0959
  epoch 2 [3280/3937] loss=0.0053 avg=0.0962
  epoch 2 [3300/3937] loss=0.0257 avg=0.0961
  epoch 2 [3320/3937] loss=0.0080 avg=0.0958
  epoch 2 [3340/3937] loss=0.0218 avg=0.0955
  epoch 2 [3360/3937] loss=0.1072 avg=0.0954
  epoch 2 [3380/3937] loss=0.0006 avg=0.0951
  epoch 2 [3400/3937] loss=0.0006 avg=0.0950
  epoch 2 [3420/3937] loss=0.0002 avg=0.0949
  epoch 2 [3440/3937] loss=0.0175 avg=0.0952
  epoch 2 [3460/3937] loss=0.1274 avg=0.0952
  epoch 2 [3480/3937] loss=0.2026 avg=0.0951
  epoch 2 [3500/3937] loss=0.0009 avg=0.0950
  epoch 2 [3520/3937] loss=0.1039 avg=0.0950
  epoch 2 [3540/3937] loss=0.1458 avg=0.0949
  epoch 2 [3560/3937] loss=0.0026 avg=0.0948
  epoch 2 [3580/3937] loss=0.0974 avg=0.0949
  epoch 2 [3600/3937] loss=0.0389 avg=0.0947
  epoch 2 [3620/3937] loss=0.0010 avg=0.0945
  epoch 2 [3640/3937] loss=0.1625 avg=0.0945
  epoch 2 [3660/3937] loss=0.0006 avg=0.0945
  epoch 2 [3680/3937] loss=0.0462 avg=0.0942
  epoch 2 [3700/3937] loss=0.2479 avg=0.0944
  epoch 2 [3720/3937] loss=0.4034 avg=0.0944
  epoch 2 [3740/3937] loss=0.0187 avg=0.0942
  epoch 2 [3760/3937] loss=0.5717 avg=0.0942
  epoch 2 [3780/3937] loss=0.0544 avg=0.0941
  epoch 2 [3800/3937] loss=0.0001 avg=0.0944
  epoch 2 [3820/3937] loss=0.1233 avg=0.0944
  epoch 2 [3840/3937] loss=0.0158 avg=0.0943
  epoch 2 [3860/3937] loss=0.2618 avg=0.0946
  epoch 2 [3880/3937] loss=0.0770 avg=0.0946
  epoch 2 [3900/3937] loss=0.0293 avg=0.0945
  epoch 2 [3920/3937] loss=0.0644 avg=0.0949
[train] epoch 2 done in 1028.6s, avg loss 0.0949
[val]   avg loss 0.1915
[train_fasterrcnn] Saved trained_model\epochs\epoch_2.pth
  epoch 3 [20/3937] loss=0.0335 avg=0.1714
  epoch 3 [40/3937] loss=0.0833 avg=0.1248
  epoch 3 [60/3937] loss=0.0002 avg=0.0926
  epoch 3 [80/3937] loss=0.0795 avg=0.0928
  epoch 3 [100/3937] loss=0.0011 avg=0.0971
  epoch 3 [120/3937] loss=0.0028 avg=0.0996
  epoch 3 [140/3937] loss=0.0008 avg=0.0900
  epoch 3 [160/3937] loss=0.0005 avg=0.0968
  epoch 3 [180/3937] loss=0.0327 avg=0.0961
  epoch 3 [200/3937] loss=0.0017 avg=0.0928
  epoch 3 [220/3937] loss=0.0070 avg=0.0882
  epoch 3 [240/3937] loss=0.0135 avg=0.0862
  epoch 3 [260/3937] loss=0.0004 avg=0.0857
  epoch 3 [280/3937] loss=0.0258 avg=0.0838
  epoch 3 [300/3937] loss=0.0015 avg=0.0813
  epoch 3 [320/3937] loss=0.0537 avg=0.0797
  epoch 3 [340/3937] loss=0.2446 avg=0.0821
  epoch 3 [360/3937] loss=0.0654 avg=0.0815
  epoch 3 [380/3937] loss=0.3042 avg=0.0804
  epoch 3 [400/3937] loss=0.0523 avg=0.0814
  epoch 3 [420/3937] loss=0.0315 avg=0.0796
  epoch 3 [440/3937] loss=0.0003 avg=0.0787
  epoch 3 [460/3937] loss=0.6285 avg=0.0786
  epoch 3 [480/3937] loss=0.4793 avg=0.0802
  epoch 3 [500/3937] loss=0.0146 avg=0.0809
  epoch 3 [520/3937] loss=0.0822 avg=0.0805
  epoch 3 [540/3937] loss=0.0188 avg=0.0800
  epoch 3 [560/3937] loss=0.1555 avg=0.0793
  epoch 3 [580/3937] loss=0.0237 avg=0.0798
  epoch 3 [600/3937] loss=0.0004 avg=0.0796
  epoch 3 [620/3937] loss=0.1793 avg=0.0788
  epoch 3 [640/3937] loss=0.0271 avg=0.0797
  epoch 3 [660/3937] loss=0.0219 avg=0.0801
  epoch 3 [680/3937] loss=0.0001 avg=0.0811
  epoch 3 [700/3937] loss=1.0441 avg=0.0829
  epoch 3 [720/3937] loss=0.0031 avg=0.0823
  epoch 3 [740/3937] loss=0.0359 avg=0.0809
  epoch 3 [760/3937] loss=0.0545 avg=0.0797
  epoch 3 [780/3937] loss=0.0005 avg=0.0792
  epoch 3 [800/3937] loss=0.0001 avg=0.0781
  epoch 3 [820/3937] loss=0.0001 avg=0.0785
  epoch 3 [840/3937] loss=0.0288 avg=0.0798
  epoch 3 [860/3937] loss=0.4608 avg=0.0805
  epoch 3 [880/3937] loss=0.1301 avg=0.0802
  epoch 3 [900/3937] loss=0.0008 avg=0.0800
  epoch 3 [920/3937] loss=0.0003 avg=0.0790
  epoch 3 [940/3937] loss=0.1940 avg=0.0808
  epoch 3 [960/3937] loss=0.0331 avg=0.0797
  epoch 3 [980/3937] loss=0.0367 avg=0.0793
  epoch 3 [1000/3937] loss=0.0223 avg=0.0790
  epoch 3 [1020/3937] loss=0.0955 avg=0.0791
  epoch 3 [1040/3937] loss=0.0713 avg=0.0790
  epoch 3 [1060/3937] loss=0.0000 avg=0.0786
  epoch 3 [1080/3937] loss=0.5027 avg=0.0797
  epoch 3 [1100/3937] loss=0.0004 avg=0.0796
  epoch 3 [1120/3937] loss=0.0411 avg=0.0796
  epoch 3 [1140/3937] loss=0.0002 avg=0.0788
  epoch 3 [1160/3937] loss=0.0404 avg=0.0787
  epoch 3 [1180/3937] loss=0.0411 avg=0.0783
  epoch 3 [1200/3937] loss=0.0008 avg=0.0779
  epoch 3 [1220/3937] loss=0.0011 avg=0.0791
  epoch 3 [1240/3937] loss=0.0189 avg=0.0790
  epoch 3 [1260/3937] loss=0.0111 avg=0.0788
  epoch 3 [1280/3937] loss=0.0543 avg=0.0782
  epoch 3 [1300/3937] loss=0.4277 avg=0.0782
  epoch 3 [1320/3937] loss=0.0549 avg=0.0788
  epoch 3 [1340/3937] loss=0.4379 avg=0.0791
  epoch 3 [1360/3937] loss=0.0669 avg=0.0792
  epoch 3 [1380/3937] loss=0.0029 avg=0.0798
  epoch 3 [1400/3937] loss=0.3325 avg=0.0796
  epoch 3 [1420/3937] loss=0.0016 avg=0.0792
  epoch 3 [1440/3937] loss=0.1401 avg=0.0790
  epoch 3 [1460/3937] loss=0.0480 avg=0.0786
  epoch 3 [1480/3937] loss=0.0465 avg=0.0784
  epoch 3 [1500/3937] loss=0.0001 avg=0.0784
  epoch 3 [1520/3937] loss=0.0393 avg=0.0777
  epoch 3 [1540/3937] loss=0.0068 avg=0.0775
  epoch 3 [1560/3937] loss=0.3038 avg=0.0775
  epoch 3 [1580/3937] loss=0.0553 avg=0.0784
  epoch 3 [1600/3937] loss=0.0002 avg=0.0780
  epoch 3 [1620/3937] loss=0.0013 avg=0.0797
  epoch 3 [1640/3937] loss=0.0027 avg=0.0794
  epoch 3 [1660/3937] loss=0.0001 avg=0.0793
  epoch 3 [1680/3937] loss=0.0234 avg=0.0794
  epoch 3 [1700/3937] loss=0.0014 avg=0.0795
  epoch 3 [1720/3937] loss=0.0402 avg=0.0789
  epoch 3 [1740/3937] loss=0.0207 avg=0.0799
  epoch 3 [1760/3937] loss=0.0424 avg=0.0794
  epoch 3 [1780/3937] loss=0.0242 avg=0.0798
  epoch 3 [1800/3937] loss=0.0025 avg=0.0800
  epoch 3 [1820/3937] loss=0.0003 avg=0.0796
  epoch 3 [1840/3937] loss=0.0244 avg=0.0795
  epoch 3 [1860/3937] loss=0.2036 avg=0.0800
  epoch 3 [1880/3937] loss=0.0248 avg=0.0801
  epoch 3 [1900/3937] loss=0.5320 avg=0.0800
  epoch 3 [1920/3937] loss=0.1133 avg=0.0794
  epoch 3 [1940/3937] loss=0.0489 avg=0.0794
  epoch 3 [1960/3937] loss=0.2170 avg=0.0792
  epoch 3 [1980/3937] loss=0.0006 avg=0.0798
  epoch 3 [2000/3937] loss=0.0536 avg=0.0796
  epoch 3 [2020/3937] loss=0.0575 avg=0.0795
  epoch 3 [2040/3937] loss=0.0748 avg=0.0794
  epoch 3 [2060/3937] loss=0.0001 avg=0.0791
  epoch 3 [2080/3937] loss=0.0155 avg=0.0792
  epoch 3 [2100/3937] loss=0.3282 avg=0.0792
  epoch 3 [2120/3937] loss=0.2480 avg=0.0790
  epoch 3 [2140/3937] loss=0.1186 avg=0.0789
  epoch 3 [2160/3937] loss=0.0125 avg=0.0792
  epoch 3 [2180/3937] loss=0.0390 avg=0.0795
  epoch 3 [2200/3937] loss=0.0179 avg=0.0793
  epoch 3 [2220/3937] loss=0.0132 avg=0.0794
  epoch 3 [2240/3937] loss=0.0004 avg=0.0793
  epoch 3 [2260/3937] loss=0.0456 avg=0.0792
  epoch 3 [2280/3937] loss=0.0009 avg=0.0793
  epoch 3 [2300/3937] loss=0.0166 avg=0.0791
  epoch 3 [2320/3937] loss=0.0444 avg=0.0792
  epoch 3 [2340/3937] loss=0.0197 avg=0.0796
  epoch 3 [2360/3937] loss=0.2179 avg=0.0800
  epoch 3 [2380/3937] loss=0.0428 avg=0.0796
  epoch 3 [2400/3937] loss=0.0444 avg=0.0798
  epoch 3 [2420/3937] loss=0.0010 avg=0.0795
  epoch 3 [2440/3937] loss=0.0036 avg=0.0790
  epoch 3 [2460/3937] loss=0.0003 avg=0.0793
  epoch 3 [2480/3937] loss=0.0002 avg=0.0789
  epoch 3 [2500/3937] loss=0.2482 avg=0.0787
  epoch 3 [2520/3937] loss=0.0226 avg=0.0784
  epoch 3 [2540/3937] loss=0.0002 avg=0.0785
  epoch 3 [2560/3937] loss=0.2542 avg=0.0785
  epoch 3 [2580/3937] loss=0.0004 avg=0.0781
  epoch 3 [2600/3937] loss=0.0200 avg=0.0779
  epoch 3 [2620/3937] loss=0.0035 avg=0.0778
  epoch 3 [2640/3937] loss=0.0001 avg=0.0777
  epoch 3 [2660/3937] loss=0.0003 avg=0.0778
  epoch 3 [2680/3937] loss=0.2549 avg=0.0780
  epoch 3 [2700/3937] loss=0.0595 avg=0.0781
  epoch 3 [2720/3937] loss=0.0220 avg=0.0778
  epoch 3 [2740/3937] loss=0.5636 avg=0.0782
  epoch 3 [2760/3937] loss=0.0191 avg=0.0780
  epoch 3 [2780/3937] loss=0.0249 avg=0.0780
  epoch 3 [2800/3937] loss=0.0069 avg=0.0778
  epoch 3 [2820/3937] loss=0.0173 avg=0.0775
  epoch 3 [2840/3937] loss=0.0387 avg=0.0773
  epoch 3 [2860/3937] loss=0.0298 avg=0.0774
  epoch 3 [2880/3937] loss=0.0150 avg=0.0772
  epoch 3 [2900/3937] loss=0.0001 avg=0.0774
  epoch 3 [2920/3937] loss=0.0500 avg=0.0773
  epoch 3 [2940/3937] loss=0.0008 avg=0.0774
  epoch 3 [2960/3937] loss=0.1360 avg=0.0772
  epoch 3 [2980/3937] loss=0.0909 avg=0.0772
  epoch 3 [3000/3937] loss=0.0276 avg=0.0771
  epoch 3 [3020/3937] loss=0.0247 avg=0.0771
  epoch 3 [3040/3937] loss=0.0198 avg=0.0773
  epoch 3 [3060/3937] loss=0.0852 avg=0.0776
  epoch 3 [3080/3937] loss=0.0005 avg=0.0776
  epoch 3 [3100/3937] loss=0.0015 avg=0.0777
  epoch 3 [3120/3937] loss=0.0003 avg=0.0777
  epoch 3 [3140/3937] loss=0.0219 avg=0.0776
  epoch 3 [3160/3937] loss=0.0322 avg=0.0778
  epoch 3 [3180/3937] loss=0.0858 avg=0.0779
  epoch 3 [3200/3937] loss=0.0002 avg=0.0780
  epoch 3 [3220/3937] loss=0.0007 avg=0.0780
  epoch 3 [3240/3937] loss=0.0138 avg=0.0779
  epoch 3 [3260/3937] loss=0.3270 avg=0.0779
  epoch 3 [3280/3937] loss=0.0199 avg=0.0777
  epoch 3 [3300/3937] loss=0.0978 avg=0.0776
  epoch 3 [3320/3937] loss=0.0070 avg=0.0774
  epoch 3 [3340/3937] loss=0.0307 avg=0.0774
  epoch 3 [3360/3937] loss=0.0001 avg=0.0774
  epoch 3 [3380/3937] loss=0.0536 avg=0.0776
  epoch 3 [3400/3937] loss=0.0644 avg=0.0779
  epoch 3 [3420/3937] loss=0.1681 avg=0.0780
  epoch 3 [3440/3937] loss=0.0763 avg=0.0779
  epoch 3 [3460/3937] loss=0.0495 avg=0.0779
  epoch 3 [3480/3937] loss=0.0012 avg=0.0779
  epoch 3 [3500/3937] loss=0.0248 avg=0.0781
  epoch 3 [3520/3937] loss=0.0014 avg=0.0779
  epoch 3 [3540/3937] loss=0.1026 avg=0.0779
  epoch 3 [3560/3937] loss=0.0000 avg=0.0778
  epoch 3 [3580/3937] loss=0.0180 avg=0.0778
  epoch 3 [3600/3937] loss=0.0528 avg=0.0779
  epoch 3 [3620/3937] loss=0.0001 avg=0.0781
  epoch 3 [3640/3937] loss=0.0290 avg=0.0780
  epoch 3 [3660/3937] loss=0.0005 avg=0.0778
  epoch 3 [3680/3937] loss=0.0257 avg=0.0777
  epoch 3 [3700/3937] loss=0.0401 avg=0.0776
  epoch 3 [3720/3937] loss=0.0433 avg=0.0773
  epoch 3 [3740/3937] loss=0.0000 avg=0.0775
  epoch 3 [3760/3937] loss=0.0001 avg=0.0774
  epoch 3 [3780/3937] loss=0.0006 avg=0.0773
  epoch 3 [3800/3937] loss=0.0460 avg=0.0772
  epoch 3 [3820/3937] loss=0.1366 avg=0.0771
  epoch 3 [3840/3937] loss=0.0224 avg=0.0770
  epoch 3 [3860/3937] loss=0.0605 avg=0.0769
  epoch 3 [3880/3937] loss=0.1514 avg=0.0769
  epoch 3 [3900/3937] loss=0.3365 avg=0.0767
  epoch 3 [3920/3937] loss=0.0001 avg=0.0765
[train] epoch 3 done in 1125.2s, avg loss 0.0764
[val]   avg loss 0.1905
[train_fasterrcnn] Saved trained_model\epochs\epoch_3.pth
  epoch 4 [20/3937] loss=0.0656 avg=0.1092
  epoch 4 [40/3937] loss=0.4149 avg=0.0959
  epoch 4 [60/3937] loss=0.4255 avg=0.0918
  epoch 4 [80/3937] loss=0.0842 avg=0.0998
  epoch 4 [100/3937] loss=0.0226 avg=0.0970
  epoch 4 [120/3937] loss=0.0022 avg=0.0927
  epoch 4 [140/3937] loss=0.1247 avg=0.0926
  epoch 4 [160/3937] loss=0.0086 avg=0.0893
  epoch 4 [180/3937] loss=0.0849 avg=0.0918
  epoch 4 [200/3937] loss=0.0128 avg=0.0959
  epoch 4 [220/3937] loss=0.1211 avg=0.0966
  epoch 4 [240/3937] loss=0.0170 avg=0.0941
  epoch 4 [260/3937] loss=0.0394 avg=0.0922
  epoch 4 [280/3937] loss=0.0001 avg=0.0917
  epoch 4 [300/3937] loss=0.4817 avg=0.0923
  epoch 4 [320/3937] loss=0.0878 avg=0.0905
  epoch 4 [340/3937] loss=0.0002 avg=0.0888
  epoch 4 [360/3937] loss=0.0858 avg=0.0876
  epoch 4 [380/3937] loss=0.0004 avg=0.0872
  epoch 4 [400/3937] loss=0.0001 avg=0.0852
  epoch 4 [420/3937] loss=0.0825 avg=0.0849
  epoch 4 [440/3937] loss=0.0781 avg=0.0858
  epoch 4 [460/3937] loss=0.0001 avg=0.0847
  epoch 4 [480/3937] loss=0.0391 avg=0.0841
  epoch 4 [500/3937] loss=0.0191 avg=0.0827
  epoch 4 [520/3937] loss=0.0521 avg=0.0811
  epoch 4 [540/3937] loss=0.0170 avg=0.0817
  epoch 4 [560/3937] loss=0.0525 avg=0.0811
  epoch 4 [580/3937] loss=0.0658 avg=0.0805
  epoch 4 [600/3937] loss=0.0000 avg=0.0807
  epoch 4 [620/3937] loss=0.0005 avg=0.0801
  epoch 4 [640/3937] loss=0.0403 avg=0.0789
  epoch 4 [660/3937] loss=0.8867 avg=0.0789
  epoch 4 [680/3937] loss=0.0381 avg=0.0788
  epoch 4 [700/3937] loss=0.0001 avg=0.0794
  epoch 4 [720/3937] loss=0.1599 avg=0.0795
  epoch 4 [740/3937] loss=0.0048 avg=0.0787
  epoch 4 [760/3937] loss=0.0143 avg=0.0777
  epoch 4 [780/3937] loss=0.5426 avg=0.0785
  epoch 4 [800/3937] loss=0.0003 avg=0.0786
  epoch 4 [820/3937] loss=0.0002 avg=0.0775
  epoch 4 [840/3937] loss=0.0430 avg=0.0772
  epoch 4 [860/3937] loss=0.1531 avg=0.0771
  epoch 4 [880/3937] loss=0.1382 avg=0.0780
  epoch 4 [900/3937] loss=0.0417 avg=0.0773
  epoch 4 [920/3937] loss=0.0534 avg=0.0768
  epoch 4 [940/3937] loss=0.0505 avg=0.0762
  epoch 4 [960/3937] loss=0.0088 avg=0.0759
  epoch 4 [980/3937] loss=0.0290 avg=0.0765
  epoch 4 [1000/3937] loss=0.5715 avg=0.0769
  epoch 4 [1020/3937] loss=0.0119 avg=0.0769
  epoch 4 [1040/3937] loss=0.6248 avg=0.0773
  epoch 4 [1060/3937] loss=0.0460 avg=0.0777
  epoch 4 [1080/3937] loss=0.0447 avg=0.0783
  epoch 4 [1100/3937] loss=0.1476 avg=0.0781
  epoch 4 [1120/3937] loss=0.0300 avg=0.0779
  epoch 4 [1140/3937] loss=0.0005 avg=0.0778
  epoch 4 [1160/3937] loss=0.0345 avg=0.0779
  epoch 4 [1180/3937] loss=0.0001 avg=0.0782
  epoch 4 [1200/3937] loss=0.0235 avg=0.0778
  epoch 4 [1220/3937] loss=0.0002 avg=0.0776
  epoch 4 [1240/3937] loss=0.0187 avg=0.0772
  epoch 4 [1260/3937] loss=0.0356 avg=0.0769
  epoch 4 [1280/3937] loss=0.0243 avg=0.0761
  epoch 4 [1300/3937] loss=0.2990 avg=0.0766
  epoch 4 [1320/3937] loss=0.0185 avg=0.0772
  epoch 4 [1340/3937] loss=0.1940 avg=0.0769
  epoch 4 [1360/3937] loss=0.0059 avg=0.0782
  epoch 4 [1380/3937] loss=0.3086 avg=0.0779
  epoch 4 [1400/3937] loss=0.0459 avg=0.0776
  epoch 4 [1420/3937] loss=0.0266 avg=0.0773
  epoch 4 [1440/3937] loss=0.0002 avg=0.0771
  epoch 4 [1460/3937] loss=0.0989 avg=0.0770
  epoch 4 [1480/3937] loss=0.2352 avg=0.0767
  epoch 4 [1500/3937] loss=0.0380 avg=0.0767
  epoch 4 [1520/3937] loss=0.0264 avg=0.0763
  epoch 4 [1540/3937] loss=0.3257 avg=0.0764
  epoch 4 [1560/3937] loss=0.0004 avg=0.0763
  epoch 4 [1580/3937] loss=0.0122 avg=0.0761
  epoch 4 [1600/3937] loss=0.0002 avg=0.0761
  epoch 4 [1620/3937] loss=0.0036 avg=0.0759
  epoch 4 [1640/3937] loss=0.0182 avg=0.0765
  epoch 4 [1660/3937] loss=0.1930 avg=0.0771
  epoch 4 [1680/3937] loss=0.0377 avg=0.0772
  epoch 4 [1700/3937] loss=0.0305 avg=0.0768
  epoch 4 [1720/3937] loss=0.0197 avg=0.0765
  epoch 4 [1740/3937] loss=0.0002 avg=0.0763
  epoch 4 [1760/3937] loss=0.0725 avg=0.0767
  epoch 4 [1780/3937] loss=0.0002 avg=0.0768
  epoch 4 [1800/3937] loss=0.0345 avg=0.0772
  epoch 4 [1820/3937] loss=0.0394 avg=0.0770
  epoch 4 [1840/3937] loss=0.0516 avg=0.0769
  epoch 4 [1860/3937] loss=0.0456 avg=0.0767
  epoch 4 [1880/3937] loss=0.0367 avg=0.0765
  epoch 4 [1900/3937] loss=0.1740 avg=0.0763
  epoch 4 [1920/3937] loss=0.0534 avg=0.0759
  epoch 4 [1940/3937] loss=0.0042 avg=0.0755
  epoch 4 [1960/3937] loss=0.0249 avg=0.0755
  epoch 4 [1980/3937] loss=0.2825 avg=0.0758
  epoch 4 [2000/3937] loss=0.0004 avg=0.0757
  epoch 4 [2020/3937] loss=0.0423 avg=0.0756
  epoch 4 [2040/3937] loss=0.0300 avg=0.0755
  epoch 4 [2060/3937] loss=0.0295 avg=0.0751
  epoch 4 [2080/3937] loss=0.0193 avg=0.0752
  epoch 4 [2100/3937] loss=0.2457 avg=0.0752
  epoch 4 [2120/3937] loss=0.0001 avg=0.0753
  epoch 4 [2140/3937] loss=0.0151 avg=0.0753
  epoch 4 [2160/3937] loss=0.0186 avg=0.0750
  epoch 4 [2180/3937] loss=0.0667 avg=0.0751
  epoch 4 [2200/3937] loss=0.0175 avg=0.0749
  epoch 4 [2220/3937] loss=0.0124 avg=0.0747
  epoch 4 [2240/3937] loss=0.0662 avg=0.0748
  epoch 4 [2260/3937] loss=0.0211 avg=0.0749
  epoch 4 [2280/3937] loss=0.0096 avg=0.0748
  epoch 4 [2300/3937] loss=0.0418 avg=0.0746
  epoch 4 [2320/3937] loss=0.0004 avg=0.0744
  epoch 4 [2340/3937] loss=0.0052 avg=0.0745
  epoch 4 [2360/3937] loss=0.0709 avg=0.0743
  epoch 4 [2380/3937] loss=0.0052 avg=0.0742
  epoch 4 [2400/3937] loss=0.0894 avg=0.0739
  epoch 4 [2420/3937] loss=0.0469 avg=0.0736
  epoch 4 [2440/3937] loss=0.0019 avg=0.0736
  epoch 4 [2460/3937] loss=0.0354 avg=0.0739
  epoch 4 [2480/3937] loss=0.0000 avg=0.0737
  epoch 4 [2500/3937] loss=0.0222 avg=0.0736
  epoch 4 [2520/3937] loss=0.1534 avg=0.0732
  epoch 4 [2540/3937] loss=0.0183 avg=0.0732
  epoch 4 [2560/3937] loss=0.6182 avg=0.0737
  epoch 4 [2580/3937] loss=0.0459 avg=0.0736
  epoch 4 [2600/3937] loss=0.0002 avg=0.0736
  epoch 4 [2620/3937] loss=0.8723 avg=0.0741
  epoch 4 [2640/3937] loss=0.0223 avg=0.0739
  epoch 4 [2660/3937] loss=0.0684 avg=0.0738
  epoch 4 [2680/3937] loss=0.0003 avg=0.0735
  epoch 4 [2700/3937] loss=0.0002 avg=0.0735
  epoch 4 [2720/3937] loss=0.0117 avg=0.0735
  epoch 4 [2740/3937] loss=0.0263 avg=0.0731
  epoch 4 [2760/3937] loss=0.1648 avg=0.0731
  epoch 4 [2780/3937] loss=0.0019 avg=0.0728
  epoch 4 [2800/3937] loss=0.1138 avg=0.0729
  epoch 4 [2820/3937] loss=0.3491 avg=0.0729
  epoch 4 [2840/3937] loss=0.0689 avg=0.0728
  epoch 4 [2860/3937] loss=0.0002 avg=0.0726
  epoch 4 [2880/3937] loss=0.1373 avg=0.0726
  epoch 4 [2900/3937] loss=0.0654 avg=0.0725
  epoch 4 [2920/3937] loss=0.0154 avg=0.0723
  epoch 4 [2940/3937] loss=0.0101 avg=0.0721
  epoch 4 [2960/3937] loss=0.0002 avg=0.0723
  epoch 4 [2980/3937] loss=0.0539 avg=0.0726
  epoch 4 [3000/3937] loss=0.0591 avg=0.0724
  epoch 4 [3020/3937] loss=0.0300 avg=0.0724
  epoch 4 [3040/3937] loss=0.4070 avg=0.0724
  epoch 4 [3060/3937] loss=0.0002 avg=0.0726
  epoch 4 [3080/3937] loss=0.0007 avg=0.0729
  epoch 4 [3100/3937] loss=0.0000 avg=0.0729
  epoch 4 [3120/3937] loss=0.4518 avg=0.0729
  epoch 4 [3140/3937] loss=0.0057 avg=0.0726
  epoch 4 [3160/3937] loss=0.0070 avg=0.0728
  epoch 4 [3180/3937] loss=0.0391 avg=0.0727
  epoch 4 [3200/3937] loss=0.0000 avg=0.0725
  epoch 4 [3220/3937] loss=0.0227 avg=0.0724
  epoch 4 [3240/3937] loss=0.0038 avg=0.0723
  epoch 4 [3260/3937] loss=0.0158 avg=0.0721
  epoch 4 [3280/3937] loss=0.1242 avg=0.0721
  epoch 4 [3300/3937] loss=0.0065 avg=0.0720
  epoch 4 [3320/3937] loss=0.0008 avg=0.0720
  epoch 4 [3340/3937] loss=0.0702 avg=0.0725
  epoch 4 [3360/3937] loss=0.2145 avg=0.0726
  epoch 4 [3380/3937] loss=0.0595 avg=0.0726
  epoch 4 [3400/3937] loss=0.0194 avg=0.0725
  epoch 4 [3420/3937] loss=0.1591 avg=0.0723
  epoch 4 [3440/3937] loss=0.0411 avg=0.0726
  epoch 4 [3460/3937] loss=0.0267 avg=0.0724
  epoch 4 [3480/3937] loss=0.0005 avg=0.0723
  epoch 4 [3500/3937] loss=0.1681 avg=0.0721
  epoch 4 [3520/3937] loss=0.0540 avg=0.0722
  epoch 4 [3540/3937] loss=0.0664 avg=0.0722
  epoch 4 [3560/3937] loss=0.0601 avg=0.0724
  epoch 4 [3580/3937] loss=0.1769 avg=0.0724
  epoch 4 [3600/3937] loss=0.0350 avg=0.0725
  epoch 4 [3620/3937] loss=0.0001 avg=0.0723
  epoch 4 [3640/3937] loss=0.0005 avg=0.0721
  epoch 4 [3660/3937] loss=0.6997 avg=0.0722
  epoch 4 [3680/3937] loss=0.0103 avg=0.0720
  epoch 4 [3700/3937] loss=0.4849 avg=0.0721
  epoch 4 [3720/3937] loss=0.0734 avg=0.0719
  epoch 4 [3740/3937] loss=0.0294 avg=0.0717
  epoch 4 [3760/3937] loss=0.0485 avg=0.0717
  epoch 4 [3780/3937] loss=0.0599 avg=0.0717
  epoch 4 [3800/3937] loss=0.0657 avg=0.0721
  epoch 4 [3820/3937] loss=0.2426 avg=0.0723
  epoch 4 [3840/3937] loss=0.0002 avg=0.0724
  epoch 4 [3860/3937] loss=0.0001 avg=0.0722
  epoch 4 [3880/3937] loss=0.0594 avg=0.0720
  epoch 4 [3900/3937] loss=0.3599 avg=0.0720
  epoch 4 [3920/3937] loss=0.0000 avg=0.0718
[train] epoch 4 done in 1146.3s, avg loss 0.0719
[val]   avg loss 0.1945
[train_fasterrcnn] Saved trained_model\epochs\epoch_4.pth
  epoch 5 [20/3937] loss=0.0377 avg=0.0475
  epoch 5 [40/3937] loss=0.0263 avg=0.0519
  epoch 5 [60/3937] loss=0.0029 avg=0.0533
  epoch 5 [80/3937] loss=0.0851 avg=0.0598
  epoch 5 [100/3937] loss=0.0162 avg=0.0703
  epoch 5 [120/3937] loss=0.0165 avg=0.0679
  epoch 5 [140/3937] loss=0.4091 avg=0.0765
  epoch 5 [160/3937] loss=0.0169 avg=0.0769
  epoch 5 [180/3937] loss=0.6311 avg=0.0747
  epoch 5 [200/3937] loss=0.0242 avg=0.0790
  epoch 5 [220/3937] loss=0.0253 avg=0.0787
  epoch 5 [240/3937] loss=0.4572 avg=0.0773
  epoch 5 [260/3937] loss=0.0845 avg=0.0766
  epoch 5 [280/3937] loss=0.0001 avg=0.0765
  epoch 5 [300/3937] loss=0.0095 avg=0.0755
  epoch 5 [320/3937] loss=0.0323 avg=0.0739
  epoch 5 [340/3937] loss=0.0002 avg=0.0712
  epoch 5 [360/3937] loss=0.5803 avg=0.0713
  epoch 5 [380/3937] loss=0.0339 avg=0.0687
  epoch 5 [400/3937] loss=0.0712 avg=0.0688
  epoch 5 [420/3937] loss=0.0060 avg=0.0711
  epoch 5 [440/3937] loss=0.1968 avg=0.0705
  epoch 5 [460/3937] loss=0.0001 avg=0.0708
  epoch 5 [480/3937] loss=0.0001 avg=0.0692
  epoch 5 [500/3937] loss=0.0556 avg=0.0685
  epoch 5 [520/3937] loss=0.0006 avg=0.0683
  epoch 5 [540/3937] loss=0.0028 avg=0.0699
  epoch 5 [560/3937] loss=0.0003 avg=0.0692
  epoch 5 [580/3937] loss=0.0003 avg=0.0683
  epoch 5 [600/3937] loss=0.0003 avg=0.0691
  epoch 5 [620/3937] loss=0.0234 avg=0.0710
  epoch 5 [640/3937] loss=0.0206 avg=0.0707
  epoch 5 [660/3937] loss=0.0281 avg=0.0695
  epoch 5 [680/3937] loss=0.1119 avg=0.0702
  epoch 5 [700/3937] loss=0.0179 avg=0.0693
  epoch 5 [720/3937] loss=0.0006 avg=0.0697
  epoch 5 [740/3937] loss=0.0371 avg=0.0684
  epoch 5 [760/3937] loss=0.0002 avg=0.0675
  epoch 5 [780/3937] loss=0.0011 avg=0.0672
  epoch 5 [800/3937] loss=0.0576 avg=0.0672
  epoch 5 [820/3937] loss=0.0662 avg=0.0674
  epoch 5 [840/3937] loss=0.0008 avg=0.0685
  epoch 5 [860/3937] loss=0.0179 avg=0.0689
  epoch 5 [880/3937] loss=0.0455 avg=0.0705
  epoch 5 [900/3937] loss=0.1779 avg=0.0709
  epoch 5 [920/3937] loss=0.0000 avg=0.0698
  epoch 5 [940/3937] loss=0.0001 avg=0.0702
  epoch 5 [960/3937] loss=0.0491 avg=0.0712
  epoch 5 [980/3937] loss=0.2506 avg=0.0713
  epoch 5 [1000/3937] loss=0.4410 avg=0.0710
  epoch 5 [1020/3937] loss=0.0001 avg=0.0709
  epoch 5 [1040/3937] loss=0.0002 avg=0.0701
  epoch 5 [1060/3937] loss=0.0392 avg=0.0696
  epoch 5 [1080/3937] loss=0.0020 avg=0.0689
  epoch 5 [1100/3937] loss=0.0002 avg=0.0686
  epoch 5 [1120/3937] loss=0.0007 avg=0.0692
  epoch 5 [1140/3937] loss=0.2543 avg=0.0696
  epoch 5 [1160/3937] loss=0.0411 avg=0.0693
  epoch 5 [1180/3937] loss=0.0002 avg=0.0699
  epoch 5 [1200/3937] loss=0.2211 avg=0.0701
  epoch 5 [1220/3937] loss=0.0001 avg=0.0702
  epoch 5 [1240/3937] loss=0.0321 avg=0.0703
  epoch 5 [1260/3937] loss=0.0180 avg=0.0701
  epoch 5 [1280/3937] loss=0.0668 avg=0.0709
  epoch 5 [1300/3937] loss=0.0391 avg=0.0709
  epoch 5 [1320/3937] loss=0.0004 avg=0.0707
  epoch 5 [1340/3937] loss=0.0192 avg=0.0702
  epoch 5 [1360/3937] loss=0.3407 avg=0.0703
  epoch 5 [1380/3937] loss=0.0453 avg=0.0700
  epoch 5 [1400/3937] loss=0.0001 avg=0.0712
  epoch 5 [1420/3937] loss=0.6212 avg=0.0722
  epoch 5 [1440/3937] loss=0.0218 avg=0.0720
  epoch 5 [1460/3937] loss=0.0274 avg=0.0720
  epoch 5 [1480/3937] loss=0.0907 avg=0.0716
  epoch 5 [1500/3937] loss=0.0125 avg=0.0716
  epoch 5 [1520/3937] loss=0.2075 avg=0.0717
  epoch 5 [1540/3937] loss=0.0001 avg=0.0719
  epoch 5 [1560/3937] loss=0.0568 avg=0.0714
  epoch 5 [1580/3937] loss=0.0005 avg=0.0719
  epoch 5 [1600/3937] loss=0.0477 avg=0.0716
  epoch 5 [1620/3937] loss=0.0394 avg=0.0714
  epoch 5 [1640/3937] loss=0.0004 avg=0.0720
  epoch 5 [1660/3937] loss=0.0375 avg=0.0720
  epoch 5 [1680/3937] loss=0.0019 avg=0.0719
  epoch 5 [1700/3937] loss=0.0001 avg=0.0719
  epoch 5 [1720/3937] loss=0.0214 avg=0.0717
  epoch 5 [1740/3937] loss=0.7633 avg=0.0717
  epoch 5 [1760/3937] loss=0.0360 avg=0.0723
  epoch 5 [1780/3937] loss=0.0235 avg=0.0719
  epoch 5 [1800/3937] loss=0.2916 avg=0.0720
  epoch 5 [1820/3937] loss=0.0306 avg=0.0724
  epoch 5 [1840/3937] loss=0.0525 avg=0.0724
  epoch 5 [1860/3937] loss=0.0004 avg=0.0726
  epoch 5 [1880/3937] loss=0.0213 avg=0.0730
  epoch 5 [1900/3937] loss=0.2451 avg=0.0736
  epoch 5 [1920/3937] loss=0.5084 avg=0.0736
  epoch 5 [1940/3937] loss=0.1853 avg=0.0735
  epoch 5 [1960/3937] loss=0.0000 avg=0.0732
  epoch 5 [1980/3937] loss=0.0005 avg=0.0728
  epoch 5 [2000/3937] loss=0.0401 avg=0.0731
  epoch 5 [2020/3937] loss=0.0085 avg=0.0730
  epoch 5 [2040/3937] loss=0.1036 avg=0.0730
  epoch 5 [2060/3937] loss=0.0004 avg=0.0728
  epoch 5 [2080/3937] loss=0.0735 avg=0.0728
  epoch 5 [2100/3937] loss=0.0009 avg=0.0726
  epoch 5 [2120/3937] loss=0.0218 avg=0.0725
  epoch 5 [2140/3937] loss=0.0230 avg=0.0720
  epoch 5 [2160/3937] loss=0.0220 avg=0.0719
  epoch 5 [2180/3937] loss=0.0002 avg=0.0714
  epoch 5 [2200/3937] loss=0.0303 avg=0.0713
  epoch 5 [2220/3937] loss=0.1014 avg=0.0713
  epoch 5 [2240/3937] loss=0.0001 avg=0.0715
  epoch 5 [2260/3937] loss=0.0001 avg=0.0716
  epoch 5 [2280/3937] loss=0.1021 avg=0.0713
  epoch 5 [2300/3937] loss=0.0229 avg=0.0711
  epoch 5 [2320/3937] loss=0.0000 avg=0.0709
  epoch 5 [2340/3937] loss=0.0661 avg=0.0708
  epoch 5 [2360/3937] loss=0.0392 avg=0.0708
  epoch 5 [2380/3937] loss=0.0001 avg=0.0708
  epoch 5 [2400/3937] loss=0.0337 avg=0.0709
  epoch 5 [2420/3937] loss=0.0012 avg=0.0707
  epoch 5 [2440/3937] loss=0.0002 avg=0.0710
  epoch 5 [2460/3937] loss=0.0032 avg=0.0707
  epoch 5 [2480/3937] loss=0.0004 avg=0.0705
  epoch 5 [2500/3937] loss=0.0617 avg=0.0705
  epoch 5 [2520/3937] loss=0.0004 avg=0.0704
  epoch 5 [2540/3937] loss=0.0118 avg=0.0707
  epoch 5 [2560/3937] loss=0.0526 avg=0.0705
  epoch 5 [2580/3937] loss=0.0001 avg=0.0705
  epoch 5 [2600/3937] loss=0.1459 avg=0.0703
  epoch 5 [2620/3937] loss=0.0197 avg=0.0700
  epoch 5 [2640/3937] loss=0.0273 avg=0.0703
  epoch 5 [2660/3937] loss=0.0623 avg=0.0704
  epoch 5 [2680/3937] loss=0.1448 avg=0.0703
  epoch 5 [2700/3937] loss=0.0183 avg=0.0702
  epoch 5 [2720/3937] loss=0.0000 avg=0.0701
  epoch 5 [2740/3937] loss=0.0000 avg=0.0701
  epoch 5 [2760/3937] loss=0.0513 avg=0.0697
  epoch 5 [2780/3937] loss=0.0748 avg=0.0695
  epoch 5 [2800/3937] loss=0.4065 avg=0.0698
  epoch 5 [2820/3937] loss=0.0002 avg=0.0696
  epoch 5 [2840/3937] loss=0.3931 avg=0.0694
  epoch 5 [2860/3937] loss=0.0161 avg=0.0695
  epoch 5 [2880/3937] loss=0.0321 avg=0.0695
  epoch 5 [2900/3937] loss=0.2378 avg=0.0693
  epoch 5 [2920/3937] loss=0.0191 avg=0.0697
  epoch 5 [2940/3937] loss=0.0266 avg=0.0697
  epoch 5 [2960/3937] loss=0.0004 avg=0.0697
  epoch 5 [2980/3937] loss=0.1065 avg=0.0699
  epoch 5 [3000/3937] loss=0.2178 avg=0.0699
  epoch 5 [3020/3937] loss=0.0374 avg=0.0703
  epoch 5 [3040/3937] loss=0.0267 avg=0.0700
  epoch 5 [3060/3937] loss=0.0271 avg=0.0703
  epoch 5 [3080/3937] loss=0.0133 avg=0.0704
  epoch 5 [3100/3937] loss=0.0024 avg=0.0705
  epoch 5 [3120/3937] loss=0.0009 avg=0.0704
  epoch 5 [3140/3937] loss=0.0005 avg=0.0702
  epoch 5 [3160/3937] loss=0.0001 avg=0.0701
  epoch 5 [3180/3937] loss=0.0166 avg=0.0701
  epoch 5 [3200/3937] loss=0.0001 avg=0.0699
  epoch 5 [3220/3937] loss=0.0183 avg=0.0698
  epoch 5 [3240/3937] loss=0.0664 avg=0.0696
  epoch 5 [3260/3937] loss=0.0376 avg=0.0693
  epoch 5 [3280/3937] loss=0.1479 avg=0.0694
  epoch 5 [3300/3937] loss=0.0303 avg=0.0698
  epoch 5 [3320/3937] loss=0.0447 avg=0.0699
  epoch 5 [3340/3937] loss=0.5264 avg=0.0699
  epoch 5 [3360/3937] loss=0.0001 avg=0.0698
  epoch 5 [3380/3937] loss=0.0008 avg=0.0698
  epoch 5 [3400/3937] loss=0.0048 avg=0.0697
  epoch 5 [3420/3937] loss=0.0278 avg=0.0697
  epoch 5 [3440/3937] loss=0.0001 avg=0.0696
  epoch 5 [3460/3937] loss=0.0367 avg=0.0694
  epoch 5 [3480/3937] loss=0.0013 avg=0.0692
  epoch 5 [3500/3937] loss=0.0034 avg=0.0692
  epoch 5 [3520/3937] loss=0.0730 avg=0.0691
  epoch 5 [3540/3937] loss=0.0176 avg=0.0691
  epoch 5 [3560/3937] loss=0.1194 avg=0.0691
  epoch 5 [3580/3937] loss=0.0253 avg=0.0691
  epoch 5 [3600/3937] loss=0.0000 avg=0.0690
  epoch 5 [3620/3937] loss=0.0191 avg=0.0688
  epoch 5 [3640/3937] loss=0.0184 avg=0.0686
  epoch 5 [3660/3937] loss=0.0001 avg=0.0688
  epoch 5 [3680/3937] loss=0.0092 avg=0.0689
  epoch 5 [3700/3937] loss=0.1467 avg=0.0688
  epoch 5 [3720/3937] loss=0.0909 avg=0.0694
  epoch 5 [3740/3937] loss=0.0123 avg=0.0694
  epoch 5 [3760/3937] loss=0.0569 avg=0.0693
  epoch 5 [3780/3937] loss=0.4969 avg=0.0695
  epoch 5 [3800/3937] loss=0.0322 avg=0.0695
  epoch 5 [3820/3937] loss=0.0099 avg=0.0695
  epoch 5 [3840/3937] loss=0.2008 avg=0.0695
  epoch 5 [3860/3937] loss=0.1675 avg=0.0694
  epoch 5 [3880/3937] loss=0.0848 avg=0.0696
  epoch 5 [3900/3937] loss=0.0000 avg=0.0695
  epoch 5 [3920/3937] loss=0.5333 avg=0.0694
[train] epoch 5 done in 1145.1s, avg loss 0.0696
[val]   avg loss 0.1939
[train_fasterrcnn] Saved trained_model\epochs\epoch_5.pth
  epoch 6 [20/3937] loss=0.0002 avg=0.0424
  epoch 6 [40/3937] loss=0.0002 avg=0.0811
  epoch 6 [60/3937] loss=0.0002 avg=0.0708
  epoch 6 [80/3937] loss=0.0354 avg=0.0698
  epoch 6 [100/3937] loss=0.0439 avg=0.0754
  epoch 6 [120/3937] loss=0.0472 avg=0.0799
  epoch 6 [140/3937] loss=0.0000 avg=0.0774
  epoch 6 [160/3937] loss=0.1563 avg=0.0796
  epoch 6 [180/3937] loss=0.0229 avg=0.0732
  epoch 6 [200/3937] loss=0.0055 avg=0.0703
  epoch 6 [220/3937] loss=0.0277 avg=0.0680
  epoch 6 [240/3937] loss=0.0462 avg=0.0680
  epoch 6 [260/3937] loss=0.0140 avg=0.0676
  epoch 6 [280/3937] loss=0.0138 avg=0.0656
  epoch 6 [300/3937] loss=0.0002 avg=0.0690
  epoch 6 [320/3937] loss=0.0001 avg=0.0673
  epoch 6 [340/3937] loss=0.1011 avg=0.0675
  epoch 6 [360/3937] loss=0.4947 avg=0.0675
  epoch 6 [380/3937] loss=0.0093 avg=0.0651
  epoch 6 [400/3937] loss=0.0002 avg=0.0651
  epoch 6 [420/3937] loss=0.0453 avg=0.0677
  epoch 6 [440/3937] loss=0.0002 avg=0.0683
  epoch 6 [460/3937] loss=0.4556 avg=0.0696
  epoch 6 [480/3937] loss=0.1883 avg=0.0697
  epoch 6 [500/3937] loss=0.0014 avg=0.0706
  epoch 6 [520/3937] loss=0.0222 avg=0.0717
  epoch 6 [540/3937] loss=0.0177 avg=0.0711
  epoch 6 [560/3937] loss=0.0245 avg=0.0695
  epoch 6 [580/3937] loss=0.0307 avg=0.0686
  epoch 6 [600/3937] loss=0.3171 avg=0.0683
  epoch 6 [620/3937] loss=0.0135 avg=0.0698
  epoch 6 [640/3937] loss=0.0220 avg=0.0701
  epoch 6 [660/3937] loss=0.0989 avg=0.0705
  epoch 6 [680/3937] loss=0.0011 avg=0.0694
  epoch 6 [700/3937] loss=0.0125 avg=0.0687
  epoch 6 [720/3937] loss=0.2185 avg=0.0693
  epoch 6 [740/3937] loss=0.0328 avg=0.0682
  epoch 6 [760/3937] loss=0.2030 avg=0.0680
  epoch 6 [780/3937] loss=0.0005 avg=0.0670
  epoch 6 [800/3937] loss=0.0385 avg=0.0669
  epoch 6 [820/3937] loss=0.0295 avg=0.0679
  epoch 6 [840/3937] loss=0.0001 avg=0.0681
  epoch 6 [860/3937] loss=0.1024 avg=0.0690
  epoch 6 [880/3937] loss=0.2745 avg=0.0685
  epoch 6 [900/3937] loss=0.1426 avg=0.0692
  epoch 6 [920/3937] loss=0.0035 avg=0.0695
  epoch 6 [940/3937] loss=0.0566 avg=0.0694
  epoch 6 [960/3937] loss=0.0265 avg=0.0697
  epoch 6 [980/3937] loss=0.0044 avg=0.0693
  epoch 6 [1000/3937] loss=0.0274 avg=0.0683
  epoch 6 [1020/3937] loss=0.0255 avg=0.0686
  epoch 6 [1040/3937] loss=0.3417 avg=0.0682
  epoch 6 [1060/3937] loss=0.0694 avg=0.0677
  epoch 6 [1080/3937] loss=0.0158 avg=0.0676
  epoch 6 [1100/3937] loss=0.0071 avg=0.0671
  epoch 6 [1120/3937] loss=0.3209 avg=0.0684
  epoch 6 [1140/3937] loss=0.0005 avg=0.0678
  epoch 6 [1160/3937] loss=0.0000 avg=0.0683
  epoch 6 [1180/3937] loss=0.7009 avg=0.0694
  epoch 6 [1200/3937] loss=0.0001 avg=0.0690
  epoch 6 [1220/3937] loss=0.0451 avg=0.0694
  epoch 6 [1240/3937] loss=0.0002 avg=0.0696
  epoch 6 [1260/3937] loss=0.3595 avg=0.0694
  epoch 6 [1280/3937] loss=0.0302 avg=0.0702
  epoch 6 [1300/3937] loss=0.0758 avg=0.0696
  epoch 6 [1320/3937] loss=0.0170 avg=0.0707
  epoch 6 [1340/3937] loss=0.0000 avg=0.0705
  epoch 6 [1360/3937] loss=0.0267 avg=0.0701
  epoch 6 [1380/3937] loss=0.0003 avg=0.0695
  epoch 6 [1400/3937] loss=0.0481 avg=0.0696
  epoch 6 [1420/3937] loss=0.0592 avg=0.0694
  epoch 6 [1440/3937] loss=0.2208 avg=0.0696
  epoch 6 [1460/3937] loss=0.0503 avg=0.0691
  epoch 6 [1480/3937] loss=0.0164 avg=0.0691
  epoch 6 [1500/3937] loss=0.0248 avg=0.0688
  epoch 6 [1520/3937] loss=0.0094 avg=0.0683
  epoch 6 [1540/3937] loss=0.1527 avg=0.0684
  epoch 6 [1560/3937] loss=0.0000 avg=0.0679
  epoch 6 [1580/3937] loss=0.1327 avg=0.0676
  epoch 6 [1600/3937] loss=0.0000 avg=0.0678
  epoch 6 [1620/3937] loss=0.0136 avg=0.0682
  epoch 6 [1640/3937] loss=0.0004 avg=0.0687
  epoch 6 [1660/3937] loss=0.0003 avg=0.0686
  epoch 6 [1680/3937] loss=0.0446 avg=0.0691
  epoch 6 [1700/3937] loss=0.0381 avg=0.0693
  epoch 6 [1720/3937] loss=0.0415 avg=0.0692
  epoch 6 [1740/3937] loss=0.0004 avg=0.0695
  epoch 6 [1760/3937] loss=0.0002 avg=0.0696
  epoch 6 [1780/3937] loss=0.0506 avg=0.0693
  epoch 6 [1800/3937] loss=0.0385 avg=0.0693
  epoch 6 [1820/3937] loss=0.0002 avg=0.0692
  epoch 6 [1840/3937] loss=0.0019 avg=0.0688
  epoch 6 [1860/3937] loss=0.0207 avg=0.0684
  epoch 6 [1880/3937] loss=0.0000 avg=0.0681
  epoch 6 [1900/3937] loss=0.0140 avg=0.0682
  epoch 6 [1920/3937] loss=0.0127 avg=0.0679
  epoch 6 [1940/3937] loss=0.0001 avg=0.0676
  epoch 6 [1960/3937] loss=0.0757 avg=0.0676
  epoch 6 [1980/3937] loss=0.0534 avg=0.0677
  epoch 6 [2000/3937] loss=0.0755 avg=0.0675
  epoch 6 [2020/3937] loss=0.0386 avg=0.0675
  epoch 6 [2040/3937] loss=0.0001 avg=0.0671
  epoch 6 [2060/3937] loss=0.1624 avg=0.0674
  epoch 6 [2080/3937] loss=0.0001 avg=0.0673
  epoch 6 [2100/3937] loss=0.4980 avg=0.0672
  epoch 6 [2120/3937] loss=0.1623 avg=0.0674
  epoch 6 [2140/3937] loss=0.0001 avg=0.0672
  epoch 6 [2160/3937] loss=0.0388 avg=0.0672
  epoch 6 [2180/3937] loss=0.0579 avg=0.0674
  epoch 6 [2200/3937] loss=0.0129 avg=0.0671
  epoch 6 [2220/3937] loss=0.0225 avg=0.0675
  epoch 6 [2240/3937] loss=0.0006 avg=0.0674
  epoch 6 [2260/3937] loss=0.0111 avg=0.0673
  epoch 6 [2280/3937] loss=0.1367 avg=0.0678
  epoch 6 [2300/3937] loss=0.0004 avg=0.0676
  epoch 6 [2320/3937] loss=0.0011 avg=0.0672
  epoch 6 [2340/3937] loss=0.0811 avg=0.0671
  epoch 6 [2360/3937] loss=0.0670 avg=0.0672
  epoch 6 [2380/3937] loss=0.0222 avg=0.0673
  epoch 6 [2400/3937] loss=0.4777 avg=0.0677
  epoch 6 [2420/3937] loss=0.0014 avg=0.0680
  epoch 6 [2440/3937] loss=0.0154 avg=0.0680
  epoch 6 [2460/3937] loss=0.2773 avg=0.0680
  epoch 6 [2480/3937] loss=0.0135 avg=0.0677
  epoch 6 [2500/3937] loss=0.0222 avg=0.0675
  epoch 6 [2520/3937] loss=0.0000 avg=0.0674
  epoch 6 [2540/3937] loss=0.0002 avg=0.0673
  epoch 6 [2560/3937] loss=0.0134 avg=0.0673
  epoch 6 [2580/3937] loss=0.0000 avg=0.0672
  epoch 6 [2600/3937] loss=0.0000 avg=0.0669
  epoch 6 [2620/3937] loss=0.0001 avg=0.0672
  epoch 6 [2640/3937] loss=0.0013 avg=0.0671
  epoch 6 [2660/3937] loss=0.0388 avg=0.0668
  epoch 6 [2680/3937] loss=0.0276 avg=0.0668
  epoch 6 [2700/3937] loss=0.0242 avg=0.0668
  epoch 6 [2720/3937] loss=0.0000 avg=0.0665
  epoch 6 [2740/3937] loss=0.0308 avg=0.0668
  epoch 6 [2760/3937] loss=0.0269 avg=0.0670
  epoch 6 [2780/3937] loss=0.0324 avg=0.0671
  epoch 6 [2800/3937] loss=0.0173 avg=0.0670
  epoch 6 [2820/3937] loss=0.0008 avg=0.0670
  epoch 6 [2840/3937] loss=0.0373 avg=0.0667
  epoch 6 [2860/3937] loss=0.0143 avg=0.0669
  epoch 6 [2880/3937] loss=0.0485 avg=0.0670
  epoch 6 [2900/3937] loss=0.0011 avg=0.0671
  epoch 6 [2920/3937] loss=0.0035 avg=0.0673
  epoch 6 [2940/3937] loss=0.1245 avg=0.0672
  epoch 6 [2960/3937] loss=0.0001 avg=0.0671
  epoch 6 [2980/3937] loss=0.0088 avg=0.0671
  epoch 6 [3000/3937] loss=0.5230 avg=0.0675
  epoch 6 [3020/3937] loss=0.0197 avg=0.0673
  epoch 6 [3040/3937] loss=0.0001 avg=0.0672
  epoch 6 [3060/3937] loss=0.0474 avg=0.0672
  epoch 6 [3080/3937] loss=0.0002 avg=0.0674
  epoch 6 [3100/3937] loss=0.0000 avg=0.0672
  epoch 6 [3120/3937] loss=0.1108 avg=0.0671
  epoch 6 [3140/3937] loss=0.0159 avg=0.0668
  epoch 6 [3160/3937] loss=0.0001 avg=0.0668
  epoch 6 [3180/3937] loss=0.0002 avg=0.0669
  epoch 6 [3200/3937] loss=0.0255 avg=0.0667
  epoch 6 [3220/3937] loss=0.0200 avg=0.0669
  epoch 6 [3240/3937] loss=0.0886 avg=0.0669
  epoch 6 [3260/3937] loss=0.0010 avg=0.0669
  epoch 6 [3280/3937] loss=0.0408 avg=0.0669
  epoch 6 [3300/3937] loss=0.0247 avg=0.0667
  epoch 6 [3320/3937] loss=0.0010 avg=0.0667
  epoch 6 [3340/3937] loss=0.0166 avg=0.0666
  epoch 6 [3360/3937] loss=0.0001 avg=0.0665
  epoch 6 [3380/3937] loss=0.0871 avg=0.0665
  epoch 6 [3400/3937] loss=0.0251 avg=0.0665
  epoch 6 [3420/3937] loss=0.0141 avg=0.0665
  epoch 6 [3440/3937] loss=0.0177 avg=0.0663
  epoch 6 [3460/3937] loss=0.0006 avg=0.0660
  epoch 6 [3480/3937] loss=0.0743 avg=0.0658
  epoch 6 [3500/3937] loss=0.0010 avg=0.0661
  epoch 6 [3520/3937] loss=0.0145 avg=0.0660
  epoch 6 [3540/3937] loss=0.4485 avg=0.0661
  epoch 6 [3560/3937] loss=0.0319 avg=0.0661
  epoch 6 [3580/3937] loss=0.5225 avg=0.0664
  epoch 6 [3600/3937] loss=0.0000 avg=0.0663
  epoch 6 [3620/3937] loss=0.0001 avg=0.0661
  epoch 6 [3640/3937] loss=0.0000 avg=0.0658
  epoch 6 [3660/3937] loss=0.3521 avg=0.0659
  epoch 6 [3680/3937] loss=0.0055 avg=0.0659
  epoch 6 [3700/3937] loss=0.0157 avg=0.0658
  epoch 6 [3720/3937] loss=0.0000 avg=0.0657
  epoch 6 [3740/3937] loss=0.0016 avg=0.0657
  epoch 6 [3760/3937] loss=0.0181 avg=0.0657
  epoch 6 [3780/3937] loss=0.0000 avg=0.0657
  epoch 6 [3800/3937] loss=0.0768 avg=0.0657
  epoch 6 [3820/3937] loss=0.2928 avg=0.0657
  epoch 6 [3840/3937] loss=0.0472 avg=0.0657
  epoch 6 [3860/3937] loss=0.0233 avg=0.0658
  epoch 6 [3880/3937] loss=0.0000 avg=0.0659
  epoch 6 [3900/3937] loss=0.5029 avg=0.0659
  epoch 6 [3920/3937] loss=0.0000 avg=0.0660
[train] epoch 6 done in 1145.1s, avg loss 0.0659
[val]   avg loss 0.1919
[train_fasterrcnn] Saved trained_model\epochs\epoch_6.pth
  epoch 7 [20/3937] loss=0.1184 avg=0.0980
  epoch 7 [40/3937] loss=0.0136 avg=0.0827
  epoch 7 [60/3937] loss=0.2019 avg=0.0783
  epoch 7 [80/3937] loss=0.0044 avg=0.0800
  epoch 7 [100/3937] loss=0.0432 avg=0.0778
  epoch 7 [120/3937] loss=0.0186 avg=0.0731
  epoch 7 [140/3937] loss=0.0104 avg=0.0755
  epoch 7 [160/3937] loss=0.2446 avg=0.0747
  epoch 7 [180/3937] loss=0.0211 avg=0.0738
  epoch 7 [200/3937] loss=0.0281 avg=0.0720
  epoch 7 [220/3937] loss=0.0003 avg=0.0701
  epoch 7 [240/3937] loss=0.0001 avg=0.0687
  epoch 7 [260/3937] loss=0.0000 avg=0.0671
  epoch 7 [280/3937] loss=0.0190 avg=0.0679
  epoch 7 [300/3937] loss=0.0017 avg=0.0679
  epoch 7 [320/3937] loss=0.0545 avg=0.0680
  epoch 7 [340/3937] loss=0.0000 avg=0.0676
  epoch 7 [360/3937] loss=0.1421 avg=0.0697
  epoch 7 [380/3937] loss=0.0003 avg=0.0695
  epoch 7 [400/3937] loss=0.2252 avg=0.0698
  epoch 7 [420/3937] loss=0.1579 avg=0.0702
  epoch 7 [440/3937] loss=0.0000 avg=0.0697
  epoch 7 [460/3937] loss=0.0486 avg=0.0696
  epoch 7 [480/3937] loss=0.0494 avg=0.0698
  epoch 7 [500/3937] loss=0.0221 avg=0.0687
  epoch 7 [520/3937] loss=0.0000 avg=0.0677
  epoch 7 [540/3937] loss=0.0001 avg=0.0672
  epoch 7 [560/3937] loss=0.0249 avg=0.0659
  epoch 7 [580/3937] loss=0.2111 avg=0.0662
  epoch 7 [600/3937] loss=0.4455 avg=0.0669
  epoch 7 [620/3937] loss=0.0258 avg=0.0676
  epoch 7 [640/3937] loss=0.0785 avg=0.0669
  epoch 7 [660/3937] loss=0.0003 avg=0.0685
  epoch 7 [680/3937] loss=0.0022 avg=0.0682
  epoch 7 [700/3937] loss=0.0032 avg=0.0684
  epoch 7 [720/3937] loss=0.0689 avg=0.0675
  epoch 7 [740/3937] loss=0.0251 avg=0.0676
  epoch 7 [760/3937] loss=0.0427 avg=0.0683
  epoch 7 [780/3937] loss=0.0002 avg=0.0678
  epoch 7 [800/3937] loss=0.3681 avg=0.0692
  epoch 7 [820/3937] loss=0.0564 avg=0.0690
  epoch 7 [840/3937] loss=0.1052 avg=0.0682
  epoch 7 [860/3937] loss=0.0229 avg=0.0686
  epoch 7 [880/3937] loss=0.0116 avg=0.0686
  epoch 7 [900/3937] loss=0.0193 avg=0.0691
  epoch 7 [920/3937] loss=0.0171 avg=0.0695
  epoch 7 [940/3937] loss=0.0038 avg=0.0691
  epoch 7 [960/3937] loss=0.0005 avg=0.0688
  epoch 7 [980/3937] loss=0.0003 avg=0.0685
  epoch 7 [1000/3937] loss=0.0420 avg=0.0687
  epoch 7 [1020/3937] loss=0.0950 avg=0.0692
  epoch 7 [1040/3937] loss=0.0333 avg=0.0696
  epoch 7 [1060/3937] loss=0.0466 avg=0.0694
  epoch 7 [1080/3937] loss=0.0001 avg=0.0689
  epoch 7 [1100/3937] loss=0.0009 avg=0.0687
  epoch 7 [1120/3937] loss=0.0001 avg=0.0681
  epoch 7 [1140/3937] loss=0.0478 avg=0.0676
  epoch 7 [1160/3937] loss=0.0001 avg=0.0678
  epoch 7 [1180/3937] loss=0.0000 avg=0.0674
  epoch 7 [1200/3937] loss=0.0249 avg=0.0669
  epoch 7 [1220/3937] loss=0.0001 avg=0.0680
  epoch 7 [1240/3937] loss=0.0195 avg=0.0684
  epoch 7 [1260/3937] loss=0.1351 avg=0.0681
  epoch 7 [1280/3937] loss=0.0000 avg=0.0681
  epoch 7 [1300/3937] loss=0.1357 avg=0.0679
  epoch 7 [1320/3937] loss=0.0857 avg=0.0680
  epoch 7 [1340/3937] loss=0.1941 avg=0.0683
  epoch 7 [1360/3937] loss=0.2382 avg=0.0688
  epoch 7 [1380/3937] loss=0.0003 avg=0.0688
  epoch 7 [1400/3937] loss=0.1539 avg=0.0683
  epoch 7 [1420/3937] loss=0.0181 avg=0.0686
  epoch 7 [1440/3937] loss=0.0026 avg=0.0684
  epoch 7 [1460/3937] loss=0.2994 avg=0.0684
  epoch 7 [1480/3937] loss=0.0480 avg=0.0685
  epoch 7 [1500/3937] loss=0.0013 avg=0.0686
  epoch 7 [1520/3937] loss=0.0001 avg=0.0685
  epoch 7 [1540/3937] loss=0.0001 avg=0.0684
  epoch 7 [1560/3937] loss=0.0001 avg=0.0685
  epoch 7 [1580/3937] loss=0.4599 avg=0.0687
  epoch 7 [1600/3937] loss=0.0222 avg=0.0686
  epoch 7 [1620/3937] loss=0.0116 avg=0.0681
  epoch 7 [1640/3937] loss=0.1944 avg=0.0681
  epoch 7 [1660/3937] loss=0.0014 avg=0.0678
  epoch 7 [1680/3937] loss=0.0294 avg=0.0674
  epoch 7 [1700/3937] loss=0.0165 avg=0.0675
  epoch 7 [1720/3937] loss=0.2608 avg=0.0677
  epoch 7 [1740/3937] loss=0.1498 avg=0.0673
  epoch 7 [1760/3937] loss=0.0146 avg=0.0670
  epoch 7 [1780/3937] loss=0.0205 avg=0.0669
  epoch 7 [1800/3937] loss=0.0011 avg=0.0666
  epoch 7 [1820/3937] loss=0.0000 avg=0.0667
  epoch 7 [1840/3937] loss=0.0333 avg=0.0667
  epoch 7 [1860/3937] loss=0.0020 avg=0.0664
  epoch 7 [1880/3937] loss=0.0000 avg=0.0662
  epoch 7 [1900/3937] loss=0.1681 avg=0.0660
  epoch 7 [1920/3937] loss=0.0001 avg=0.0661
  epoch 7 [1940/3937] loss=0.0000 avg=0.0660
  epoch 7 [1960/3937] loss=0.0871 avg=0.0660
  epoch 7 [1980/3937] loss=0.0009 avg=0.0660
  epoch 7 [2000/3937] loss=0.0000 avg=0.0660
  epoch 7 [2020/3937] loss=0.0002 avg=0.0665
  epoch 7 [2040/3937] loss=0.1645 avg=0.0665
  epoch 7 [2060/3937] loss=0.0693 avg=0.0663
  epoch 7 [2080/3937] loss=0.2550 avg=0.0660
  epoch 7 [2100/3937] loss=0.0466 avg=0.0657
  epoch 7 [2120/3937] loss=0.0188 avg=0.0655
  epoch 7 [2140/3937] loss=0.0142 avg=0.0654
  epoch 7 [2160/3937] loss=0.0008 avg=0.0651
  epoch 7 [2180/3937] loss=0.0180 avg=0.0652
  epoch 7 [2200/3937] loss=0.0220 avg=0.0648
  epoch 7 [2220/3937] loss=0.0002 avg=0.0648
  epoch 7 [2240/3937] loss=0.1357 avg=0.0650
  epoch 7 [2260/3937] loss=0.3482 avg=0.0648
  epoch 7 [2280/3937] loss=0.0241 avg=0.0649
  epoch 7 [2300/3937] loss=0.0173 avg=0.0649
  epoch 7 [2320/3937] loss=0.1143 avg=0.0650
  epoch 7 [2340/3937] loss=0.0535 avg=0.0652
  epoch 7 [2360/3937] loss=0.0399 avg=0.0650
  epoch 7 [2380/3937] loss=0.0684 avg=0.0649
  epoch 7 [2400/3937] loss=0.0010 avg=0.0647
  epoch 7 [2420/3937] loss=0.0124 avg=0.0646
  epoch 7 [2440/3937] loss=0.0207 avg=0.0647
  epoch 7 [2460/3937] loss=0.3321 avg=0.0646
  epoch 7 [2480/3937] loss=0.0144 avg=0.0646
  epoch 7 [2500/3937] loss=0.0097 avg=0.0644
  epoch 7 [2520/3937] loss=0.0001 avg=0.0642
  epoch 7 [2540/3937] loss=0.0156 avg=0.0643
  epoch 7 [2560/3937] loss=0.0009 avg=0.0643
  epoch 7 [2580/3937] loss=0.0002 avg=0.0642
  epoch 7 [2600/3937] loss=0.0000 avg=0.0645
  epoch 7 [2620/3937] loss=0.0001 avg=0.0641
  epoch 7 [2640/3937] loss=0.0817 avg=0.0639
  epoch 7 [2660/3937] loss=0.0005 avg=0.0638
  epoch 7 [2680/3937] loss=0.5406 avg=0.0642
  epoch 7 [2700/3937] loss=0.0001 avg=0.0642
  epoch 7 [2720/3937] loss=0.0069 avg=0.0640
  epoch 7 [2740/3937] loss=0.0235 avg=0.0639
  epoch 7 [2760/3937] loss=0.0286 avg=0.0639
  epoch 7 [2780/3937] loss=0.0359 avg=0.0639
  epoch 7 [2800/3937] loss=0.0001 avg=0.0638
  epoch 7 [2820/3937] loss=0.0001 avg=0.0641
  epoch 7 [2840/3937] loss=0.0260 avg=0.0641
  epoch 7 [2860/3937] loss=0.0232 avg=0.0643
  epoch 7 [2880/3937] loss=0.0000 avg=0.0644
  epoch 7 [2900/3937] loss=0.2015 avg=0.0643
  epoch 7 [2920/3937] loss=0.0794 avg=0.0644
  epoch 7 [2940/3937] loss=0.0408 avg=0.0644
  epoch 7 [2960/3937] loss=0.2062 avg=0.0642
  epoch 7 [2980/3937] loss=0.4057 avg=0.0643
  epoch 7 [3000/3937] loss=0.3894 avg=0.0645
  epoch 7 [3020/3937] loss=0.0000 avg=0.0646
  epoch 7 [3040/3937] loss=0.1415 avg=0.0650
  epoch 7 [3060/3937] loss=0.0130 avg=0.0649
  epoch 7 [3080/3937] loss=0.0252 avg=0.0648
  epoch 7 [3100/3937] loss=0.0053 avg=0.0648
  epoch 7 [3120/3937] loss=0.2570 avg=0.0652
  epoch 7 [3140/3937] loss=0.3682 avg=0.0652
  epoch 7 [3160/3937] loss=0.0249 avg=0.0656
  epoch 7 [3180/3937] loss=0.3926 avg=0.0656
  epoch 7 [3200/3937] loss=0.0855 avg=0.0659
  epoch 7 [3220/3937] loss=0.0002 avg=0.0657
  epoch 7 [3240/3937] loss=0.2525 avg=0.0656
  epoch 7 [3260/3937] loss=0.0000 avg=0.0654
  epoch 7 [3280/3937] loss=0.0193 avg=0.0654
  epoch 7 [3300/3937] loss=0.0102 avg=0.0653
  epoch 7 [3320/3937] loss=0.0672 avg=0.0653
  epoch 7 [3340/3937] loss=0.0047 avg=0.0652
  epoch 7 [3360/3937] loss=0.0479 avg=0.0653
  epoch 7 [3380/3937] loss=0.0096 avg=0.0651
  epoch 7 [3400/3937] loss=0.0056 avg=0.0652
  epoch 7 [3420/3937] loss=0.0000 avg=0.0654
  epoch 7 [3440/3937] loss=0.2946 avg=0.0654
  epoch 7 [3460/3937] loss=0.1382 avg=0.0653
  epoch 7 [3480/3937] loss=0.0440 avg=0.0651
  epoch 7 [3500/3937] loss=0.0001 avg=0.0650
  epoch 7 [3520/3937] loss=0.0044 avg=0.0651
  epoch 7 [3540/3937] loss=0.0003 avg=0.0649
  epoch 7 [3560/3937] loss=0.3057 avg=0.0650
  epoch 7 [3580/3937] loss=0.0001 avg=0.0651
  epoch 7 [3600/3937] loss=0.1604 avg=0.0652
  epoch 7 [3620/3937] loss=0.0129 avg=0.0651
  epoch 7 [3640/3937] loss=0.0281 avg=0.0651
  epoch 7 [3660/3937] loss=0.4122 avg=0.0650
  epoch 7 [3680/3937] loss=0.3695 avg=0.0652
  epoch 7 [3700/3937] loss=0.0002 avg=0.0651
  epoch 7 [3720/3937] loss=0.0403 avg=0.0650
  epoch 7 [3740/3937] loss=0.0028 avg=0.0650
  epoch 7 [3760/3937] loss=0.0001 avg=0.0657
  epoch 7 [3780/3937] loss=0.0004 avg=0.0655
  epoch 7 [3800/3937] loss=0.0001 avg=0.0653
  epoch 7 [3820/3937] loss=0.0003 avg=0.0653
  epoch 7 [3840/3937] loss=0.1725 avg=0.0653
  epoch 7 [3860/3937] loss=0.0064 avg=0.0655
  epoch 7 [3880/3937] loss=0.0319 avg=0.0655
  epoch 7 [3900/3937] loss=0.0001 avg=0.0653
  epoch 7 [3920/3937] loss=0.2655 avg=0.0654
[train] epoch 7 done in 1144.7s, avg loss 0.0653
[val]   avg loss 0.1939
[train_fasterrcnn] Saved trained_model\epochs\epoch_7.pth
  epoch 8 [20/3937] loss=0.0000 avg=0.1006
  epoch 8 [40/3937] loss=0.0003 avg=0.0798
  epoch 8 [60/3937] loss=0.0246 avg=0.0969
  epoch 8 [80/3937] loss=0.0180 avg=0.0807
  epoch 8 [100/3937] loss=0.0364 avg=0.0728
  epoch 8 [120/3937] loss=0.0384 avg=0.0731
  epoch 8 [140/3937] loss=0.0161 avg=0.0753
  epoch 8 [160/3937] loss=0.0003 avg=0.0713
  epoch 8 [180/3937] loss=0.0003 avg=0.0672
  epoch 8 [200/3937] loss=0.0049 avg=0.0671
  epoch 8 [220/3937] loss=0.5077 avg=0.0676
  epoch 8 [240/3937] loss=0.0397 avg=0.0715
  epoch 8 [260/3937] loss=0.0004 avg=0.0710
  epoch 8 [280/3937] loss=0.1339 avg=0.0742
  epoch 8 [300/3937] loss=0.3986 avg=0.0748
  epoch 8 [320/3937] loss=0.0016 avg=0.0753
  epoch 8 [340/3937] loss=0.0005 avg=0.0723
  epoch 8 [360/3937] loss=0.2209 avg=0.0710
  epoch 8 [380/3937] loss=0.1250 avg=0.0695
  epoch 8 [400/3937] loss=0.1101 avg=0.0689
  epoch 8 [420/3937] loss=0.0004 avg=0.0694
  epoch 8 [440/3937] loss=0.0011 avg=0.0701
  epoch 8 [460/3937] loss=0.0215 avg=0.0689
  epoch 8 [480/3937] loss=0.0027 avg=0.0688
  epoch 8 [500/3937] loss=0.0121 avg=0.0685
  epoch 8 [520/3937] loss=0.0001 avg=0.0683
  epoch 8 [540/3937] loss=0.0006 avg=0.0685
  epoch 8 [560/3937] loss=0.4797 avg=0.0688
  epoch 8 [580/3937] loss=0.0000 avg=0.0669
  epoch 8 [600/3937] loss=0.0191 avg=0.0667
  epoch 8 [620/3937] loss=0.4298 avg=0.0663
  epoch 8 [640/3937] loss=0.1214 avg=0.0666
  epoch 8 [660/3937] loss=0.0028 avg=0.0655
  epoch 8 [680/3937] loss=0.0089 avg=0.0656
  epoch 8 [700/3937] loss=0.0016 avg=0.0669
  epoch 8 [720/3937] loss=0.6091 avg=0.0675
  epoch 8 [740/3937] loss=0.0185 avg=0.0672
  epoch 8 [760/3937] loss=0.1200 avg=0.0671
  epoch 8 [780/3937] loss=0.0009 avg=0.0671
  epoch 8 [800/3937] loss=0.0238 avg=0.0680
  epoch 8 [820/3937] loss=0.1966 avg=0.0679
  epoch 8 [840/3937] loss=0.6162 avg=0.0690
  epoch 8 [860/3937] loss=0.0211 avg=0.0691
  epoch 8 [880/3937] loss=0.2591 avg=0.0690
  epoch 8 [900/3937] loss=0.0231 avg=0.0686
  epoch 8 [920/3937] loss=0.0002 avg=0.0692
  epoch 8 [940/3937] loss=0.0340 avg=0.0704
  epoch 8 [960/3937] loss=0.0243 avg=0.0696
  epoch 8 [980/3937] loss=0.0639 avg=0.0696
  epoch 8 [1000/3937] loss=0.0000 avg=0.0701
  epoch 8 [1020/3937] loss=0.0005 avg=0.0692
  epoch 8 [1040/3937] loss=0.0143 avg=0.0688
  epoch 8 [1060/3937] loss=0.0001 avg=0.0681
  epoch 8 [1080/3937] loss=0.0176 avg=0.0678
  epoch 8 [1100/3937] loss=0.1924 avg=0.0679
  epoch 8 [1120/3937] loss=0.0280 avg=0.0685
  epoch 8 [1140/3937] loss=0.0616 avg=0.0689
  epoch 8 [1160/3937] loss=0.2160 avg=0.0684
  epoch 8 [1180/3937] loss=0.0253 avg=0.0679
  epoch 8 [1200/3937] loss=0.0006 avg=0.0674
  epoch 8 [1220/3937] loss=0.0171 avg=0.0671
  epoch 8 [1240/3937] loss=0.0195 avg=0.0663
  epoch 8 [1260/3937] loss=0.0001 avg=0.0657
  epoch 8 [1280/3937] loss=0.0005 avg=0.0657
  epoch 8 [1300/3937] loss=0.0026 avg=0.0658
  epoch 8 [1320/3937] loss=0.0002 avg=0.0661
  epoch 8 [1340/3937] loss=0.0930 avg=0.0665
  epoch 8 [1360/3937] loss=0.0672 avg=0.0667
  epoch 8 [1380/3937] loss=0.0001 avg=0.0663
  epoch 8 [1400/3937] loss=0.0002 avg=0.0665
  epoch 8 [1420/3937] loss=0.0004 avg=0.0664
  epoch 8 [1440/3937] loss=0.0119 avg=0.0664
  epoch 8 [1460/3937] loss=0.3202 avg=0.0664
  epoch 8 [1480/3937] loss=0.0132 avg=0.0661
  epoch 8 [1500/3937] loss=0.0472 avg=0.0657
  epoch 8 [1520/3937] loss=0.5127 avg=0.0662
  epoch 8 [1540/3937] loss=0.0140 avg=0.0660
  epoch 8 [1560/3937] loss=0.0002 avg=0.0662
  epoch 8 [1580/3937] loss=0.0418 avg=0.0661
  epoch 8 [1600/3937] loss=0.0005 avg=0.0660
  epoch 8 [1620/3937] loss=0.3452 avg=0.0665
  epoch 8 [1640/3937] loss=0.0008 avg=0.0662
  epoch 8 [1660/3937] loss=0.0147 avg=0.0662
  epoch 8 [1680/3937] loss=0.0001 avg=0.0663
  epoch 8 [1700/3937] loss=0.2067 avg=0.0663
  epoch 8 [1720/3937] loss=0.2253 avg=0.0665
  epoch 8 [1740/3937] loss=0.0004 avg=0.0665
  epoch 8 [1760/3937] loss=0.0775 avg=0.0671
  epoch 8 [1780/3937] loss=0.0026 avg=0.0667
  epoch 8 [1800/3937] loss=0.0001 avg=0.0666
  epoch 8 [1820/3937] loss=0.0002 avg=0.0663
  epoch 8 [1840/3937] loss=0.0923 avg=0.0663
  epoch 8 [1860/3937] loss=0.1177 avg=0.0662
  epoch 8 [1880/3937] loss=0.0001 avg=0.0670
  epoch 8 [1900/3937] loss=0.0001 avg=0.0671
  epoch 8 [1920/3937] loss=0.0296 avg=0.0671
  epoch 8 [1940/3937] loss=0.1083 avg=0.0666
  epoch 8 [1960/3937] loss=0.0216 avg=0.0664
  epoch 8 [1980/3937] loss=0.0027 avg=0.0664
  epoch 8 [2000/3937] loss=0.0444 avg=0.0666
  epoch 8 [2020/3937] loss=0.2245 avg=0.0668
  epoch 8 [2040/3937] loss=0.0848 avg=0.0670
  epoch 8 [2060/3937] loss=0.0025 avg=0.0669
  epoch 8 [2080/3937] loss=0.0004 avg=0.0672
  epoch 8 [2100/3937] loss=0.0941 avg=0.0668
  epoch 8 [2120/3937] loss=0.0869 avg=0.0667
  epoch 8 [2140/3937] loss=0.0479 avg=0.0668
  epoch 8 [2160/3937] loss=0.0075 avg=0.0670
  epoch 8 [2180/3937] loss=0.0543 avg=0.0671
  epoch 8 [2200/3937] loss=0.0277 avg=0.0671
  epoch 8 [2220/3937] loss=0.1080 avg=0.0669
  epoch 8 [2240/3937] loss=0.0475 avg=0.0666
  epoch 8 [2260/3937] loss=0.1988 avg=0.0666
  epoch 8 [2280/3937] loss=0.0000 avg=0.0664
  epoch 8 [2300/3937] loss=0.0139 avg=0.0665
  epoch 8 [2320/3937] loss=0.0297 avg=0.0667
  epoch 8 [2340/3937] loss=0.3339 avg=0.0668
  epoch 8 [2360/3937] loss=0.0001 avg=0.0669
  epoch 8 [2380/3937] loss=0.0185 avg=0.0669
  epoch 8 [2400/3937] loss=0.0002 avg=0.0667
  epoch 8 [2420/3937] loss=0.0001 avg=0.0667
  epoch 8 [2440/3937] loss=0.0007 avg=0.0664
  epoch 8 [2460/3937] loss=0.0109 avg=0.0662
  epoch 8 [2480/3937] loss=0.0832 avg=0.0660
  epoch 8 [2500/3937] loss=0.0385 avg=0.0658
  epoch 8 [2520/3937] loss=0.0322 avg=0.0659
  epoch 8 [2540/3937] loss=0.2326 avg=0.0659
  epoch 8 [2560/3937] loss=0.0001 avg=0.0660
  epoch 8 [2580/3937] loss=0.0471 avg=0.0662
  epoch 8 [2600/3937] loss=0.0104 avg=0.0660
  epoch 8 [2620/3937] loss=0.3558 avg=0.0661
  epoch 8 [2640/3937] loss=0.0005 avg=0.0658
  epoch 8 [2660/3937] loss=0.0470 avg=0.0657
  epoch 8 [2680/3937] loss=0.0005 avg=0.0656
  epoch 8 [2700/3937] loss=0.0082 avg=0.0655
  epoch 8 [2720/3937] loss=0.0000 avg=0.0654
  epoch 8 [2740/3937] loss=0.0001 avg=0.0651
  epoch 8 [2760/3937] loss=0.0000 avg=0.0652
  epoch 8 [2780/3937] loss=0.0167 avg=0.0650
  epoch 8 [2800/3937] loss=0.0259 avg=0.0650
  epoch 8 [2820/3937] loss=0.0272 avg=0.0647
  epoch 8 [2840/3937] loss=0.1134 avg=0.0649
  epoch 8 [2860/3937] loss=0.0294 avg=0.0649
  epoch 8 [2880/3937] loss=0.0224 avg=0.0649
  epoch 8 [2900/3937] loss=0.0394 avg=0.0648
  epoch 8 [2920/3937] loss=0.0253 avg=0.0649
  epoch 8 [2940/3937] loss=0.0002 avg=0.0646
  epoch 8 [2960/3937] loss=0.0594 avg=0.0645
  epoch 8 [2980/3937] loss=0.0898 avg=0.0646
  epoch 8 [3000/3937] loss=0.0558 avg=0.0648
  epoch 8 [3020/3937] loss=0.0355 avg=0.0649
  epoch 8 [3040/3937] loss=0.0128 avg=0.0648
  epoch 8 [3060/3937] loss=0.3365 avg=0.0648
  epoch 8 [3080/3937] loss=0.0505 avg=0.0646
  epoch 8 [3100/3937] loss=0.0154 avg=0.0647
  epoch 8 [3120/3937] loss=0.0299 avg=0.0646
  epoch 8 [3140/3937] loss=0.0698 avg=0.0649
  epoch 8 [3160/3937] loss=0.0002 avg=0.0646
  epoch 8 [3180/3937] loss=0.0150 avg=0.0649
  epoch 8 [3200/3937] loss=0.0305 avg=0.0647
  epoch 8 [3220/3937] loss=0.0703 avg=0.0647
  epoch 8 [3240/3937] loss=0.0157 avg=0.0649
  epoch 8 [3260/3937] loss=0.2627 avg=0.0653
  epoch 8 [3280/3937] loss=0.1133 avg=0.0652
  epoch 8 [3300/3937] loss=0.0450 avg=0.0651
  epoch 8 [3320/3937] loss=0.0004 avg=0.0649
  epoch 8 [3340/3937] loss=0.0001 avg=0.0649
  epoch 8 [3360/3937] loss=0.0017 avg=0.0649
  epoch 8 [3380/3937] loss=0.0679 avg=0.0649
  epoch 8 [3400/3937] loss=0.1019 avg=0.0648
  epoch 8 [3420/3937] loss=0.0000 avg=0.0648
  epoch 8 [3440/3937] loss=0.0025 avg=0.0651
  epoch 8 [3460/3937] loss=0.0001 avg=0.0650
  epoch 8 [3480/3937] loss=0.0257 avg=0.0650
  epoch 8 [3500/3937] loss=0.4203 avg=0.0651
  epoch 8 [3520/3937] loss=0.0000 avg=0.0649
  epoch 8 [3540/3937] loss=0.0121 avg=0.0650
  epoch 8 [3560/3937] loss=0.3113 avg=0.0652
  epoch 8 [3580/3937] loss=0.0301 avg=0.0651
  epoch 8 [3600/3937] loss=0.0447 avg=0.0651
  epoch 8 [3620/3937] loss=0.0355 avg=0.0652
  epoch 8 [3640/3937] loss=0.0863 avg=0.0651
  epoch 8 [3660/3937] loss=0.0334 avg=0.0650
  epoch 8 [3680/3937] loss=0.0288 avg=0.0649
  epoch 8 [3700/3937] loss=0.0295 avg=0.0649
  epoch 8 [3720/3937] loss=0.0008 avg=0.0649
  epoch 8 [3740/3937] loss=0.0001 avg=0.0649
  epoch 8 [3760/3937] loss=0.0184 avg=0.0648
  epoch 8 [3780/3937] loss=0.0100 avg=0.0648
  epoch 8 [3800/3937] loss=0.0032 avg=0.0648
  epoch 8 [3820/3937] loss=0.0001 avg=0.0649
  epoch 8 [3840/3937] loss=0.0001 avg=0.0649
  epoch 8 [3860/3937] loss=0.0514 avg=0.0650
  epoch 8 [3880/3937] loss=0.0284 avg=0.0649
  epoch 8 [3900/3937] loss=0.0066 avg=0.0649
  epoch 8 [3920/3937] loss=0.0399 avg=0.0649
[train] epoch 8 done in 1145.5s, avg loss 0.0648
[val]   avg loss 0.1940
[train_fasterrcnn] Saved trained_model\epochs\epoch_8.pth
  epoch 9 [20/3937] loss=0.0058 avg=0.1101
  epoch 9 [40/3937] loss=0.1185 avg=0.0946
  epoch 9 [60/3937] loss=0.0029 avg=0.0816
  epoch 9 [80/3937] loss=0.0002 avg=0.0646
  epoch 9 [100/3937] loss=0.0002 avg=0.0586
  epoch 9 [120/3937] loss=0.0181 avg=0.0549
  epoch 9 [140/3937] loss=0.0001 avg=0.0574
  epoch 9 [160/3937] loss=0.0226 avg=0.0605
  epoch 9 [180/3937] loss=0.0138 avg=0.0677
  epoch 9 [200/3937] loss=0.0002 avg=0.0688
  epoch 9 [220/3937] loss=0.0926 avg=0.0692
  epoch 9 [240/3937] loss=0.0338 avg=0.0712
  epoch 9 [260/3937] loss=0.0324 avg=0.0708
  epoch 9 [280/3937] loss=0.0238 avg=0.0676
  epoch 9 [300/3937] loss=0.0736 avg=0.0693
  epoch 9 [320/3937] loss=0.1623 avg=0.0682
  epoch 9 [340/3937] loss=0.0416 avg=0.0673
  epoch 9 [360/3937] loss=0.1856 avg=0.0677
  epoch 9 [380/3937] loss=0.5505 avg=0.0695
  epoch 9 [400/3937] loss=0.0288 avg=0.0692
  epoch 9 [420/3937] loss=0.0346 avg=0.0684
  epoch 9 [440/3937] loss=0.0485 avg=0.0672
  epoch 9 [460/3937] loss=0.0332 avg=0.0672
  epoch 9 [480/3937] loss=0.0004 avg=0.0666
  epoch 9 [500/3937] loss=0.0193 avg=0.0652
  epoch 9 [520/3937] loss=0.0185 avg=0.0641
  epoch 9 [540/3937] loss=0.1315 avg=0.0632
  epoch 9 [560/3937] loss=0.0349 avg=0.0627
  epoch 9 [580/3937] loss=0.0254 avg=0.0627
  epoch 9 [600/3937] loss=0.2715 avg=0.0634
  epoch 9 [620/3937] loss=0.0347 avg=0.0631
  epoch 9 [640/3937] loss=0.0318 avg=0.0626
  epoch 9 [660/3937] loss=0.0001 avg=0.0628
  epoch 9 [680/3937] loss=0.0328 avg=0.0621
  epoch 9 [700/3937] loss=0.0161 avg=0.0617
  epoch 9 [720/3937] loss=0.1466 avg=0.0611
  epoch 9 [740/3937] loss=0.0455 avg=0.0614
  epoch 9 [760/3937] loss=0.0001 avg=0.0609
  epoch 9 [780/3937] loss=0.0535 avg=0.0616
  epoch 9 [800/3937] loss=0.0282 avg=0.0612
  epoch 9 [820/3937] loss=0.0104 avg=0.0605
  epoch 9 [840/3937] loss=0.0003 avg=0.0607
  epoch 9 [860/3937] loss=0.3094 avg=0.0610
  epoch 9 [880/3937] loss=0.0532 avg=0.0606
  epoch 9 [900/3937] loss=0.3014 avg=0.0605
  epoch 9 [920/3937] loss=0.0001 avg=0.0604
  epoch 9 [940/3937] loss=0.0008 avg=0.0599
  epoch 9 [960/3937] loss=0.0013 avg=0.0603
  epoch 9 [980/3937] loss=0.1681 avg=0.0607
  epoch 9 [1000/3937] loss=0.0175 avg=0.0601
  epoch 9 [1020/3937] loss=0.5173 avg=0.0604
  epoch 9 [1040/3937] loss=0.0405 avg=0.0604
  epoch 9 [1060/3937] loss=0.0001 avg=0.0607
  epoch 9 [1080/3937] loss=0.0077 avg=0.0610
  epoch 9 [1100/3937] loss=0.0001 avg=0.0613
  epoch 9 [1120/3937] loss=0.0006 avg=0.0609
  epoch 9 [1140/3937] loss=0.0370 avg=0.0612
  epoch 9 [1160/3937] loss=0.0286 avg=0.0613
  epoch 9 [1180/3937] loss=0.0327 avg=0.0612
  epoch 9 [1200/3937] loss=0.0000 avg=0.0614
  epoch 9 [1220/3937] loss=0.3293 avg=0.0617
  epoch 9 [1240/3937] loss=0.0001 avg=0.0617
  epoch 9 [1260/3937] loss=0.0824 avg=0.0615
  epoch 9 [1280/3937] loss=0.0002 avg=0.0613
  epoch 9 [1300/3937] loss=0.0297 avg=0.0618
  epoch 9 [1320/3937] loss=0.0007 avg=0.0617
  epoch 9 [1340/3937] loss=0.0055 avg=0.0612
  epoch 9 [1360/3937] loss=0.0276 avg=0.0609
  epoch 9 [1380/3937] loss=0.6445 avg=0.0611
  epoch 9 [1400/3937] loss=0.0005 avg=0.0607
  epoch 9 [1420/3937] loss=0.2782 avg=0.0611
  epoch 9 [1440/3937] loss=0.0348 avg=0.0607
  epoch 9 [1460/3937] loss=0.0366 avg=0.0608
  epoch 9 [1480/3937] loss=0.0004 avg=0.0610
  epoch 9 [1500/3937] loss=0.0000 avg=0.0610
  epoch 9 [1520/3937] loss=0.1735 avg=0.0615
  epoch 9 [1540/3937] loss=0.0008 avg=0.0613
  epoch 9 [1560/3937] loss=0.2685 avg=0.0611
  epoch 9 [1580/3937] loss=0.0006 avg=0.0614
  epoch 9 [1600/3937] loss=0.0860 avg=0.0614
  epoch 9 [1620/3937] loss=0.0425 avg=0.0613
  epoch 9 [1640/3937] loss=0.0312 avg=0.0611
  epoch 9 [1660/3937] loss=0.0313 avg=0.0610
  epoch 9 [1680/3937] loss=0.1349 avg=0.0609
  epoch 9 [1700/3937] loss=0.0005 avg=0.0609
  epoch 9 [1720/3937] loss=0.0203 avg=0.0609
  epoch 9 [1740/3937] loss=0.0099 avg=0.0613
  epoch 9 [1760/3937] loss=0.0289 avg=0.0614
  epoch 9 [1780/3937] loss=0.0003 avg=0.0617
  epoch 9 [1800/3937] loss=0.0001 avg=0.0619
  epoch 9 [1820/3937] loss=0.0370 avg=0.0617
  epoch 9 [1840/3937] loss=0.0490 avg=0.0627
  epoch 9 [1860/3937] loss=0.0604 avg=0.0624
  epoch 9 [1880/3937] loss=0.0230 avg=0.0625
  epoch 9 [1900/3937] loss=0.3022 avg=0.0627
  epoch 9 [1920/3937] loss=0.0002 avg=0.0627
  epoch 9 [1940/3937] loss=0.0607 avg=0.0627
  epoch 9 [1960/3937] loss=0.0163 avg=0.0627
  epoch 9 [1980/3937] loss=0.0182 avg=0.0627
  epoch 9 [2000/3937] loss=0.0452 avg=0.0626
  epoch 9 [2020/3937] loss=0.0226 avg=0.0627
  epoch 9 [2040/3937] loss=0.0918 avg=0.0629
  epoch 9 [2060/3937] loss=0.0184 avg=0.0625
  epoch 9 [2080/3937] loss=0.0002 avg=0.0624
  epoch 9 [2100/3937] loss=0.0037 avg=0.0622
  epoch 9 [2120/3937] loss=0.0118 avg=0.0622
  epoch 9 [2140/3937] loss=0.1569 avg=0.0623
  epoch 9 [2160/3937] loss=0.1920 avg=0.0628
  epoch 9 [2180/3937] loss=0.0370 avg=0.0624
  epoch 9 [2200/3937] loss=0.0086 avg=0.0624
  epoch 9 [2220/3937] loss=0.1642 avg=0.0626
  epoch 9 [2240/3937] loss=0.0341 avg=0.0626
  epoch 9 [2260/3937] loss=0.0431 avg=0.0624
  epoch 9 [2280/3937] loss=0.0060 avg=0.0623
  epoch 9 [2300/3937] loss=0.0683 avg=0.0622
  epoch 9 [2320/3937] loss=0.2519 avg=0.0620
  epoch 9 [2340/3937] loss=0.0000 avg=0.0618
  epoch 9 [2360/3937] loss=0.0000 avg=0.0618
  epoch 9 [2380/3937] loss=0.0005 avg=0.0615
  epoch 9 [2400/3937] loss=0.0587 avg=0.0614
  epoch 9 [2420/3937] loss=0.0332 avg=0.0613
  epoch 9 [2440/3937] loss=0.0969 avg=0.0610
  epoch 9 [2460/3937] loss=0.3531 avg=0.0616
  epoch 9 [2480/3937] loss=0.0001 avg=0.0615
  epoch 9 [2500/3937] loss=0.0149 avg=0.0614
  epoch 9 [2520/3937] loss=0.1004 avg=0.0612
  epoch 9 [2540/3937] loss=0.2285 avg=0.0610
  epoch 9 [2560/3937] loss=0.0051 avg=0.0612
  epoch 9 [2580/3937] loss=0.0013 avg=0.0614
  epoch 9 [2600/3937] loss=0.0138 avg=0.0611
  epoch 9 [2620/3937] loss=0.0177 avg=0.0609
  epoch 9 [2640/3937] loss=0.0326 avg=0.0609
  epoch 9 [2660/3937] loss=0.0009 avg=0.0609
  epoch 9 [2680/3937] loss=0.0065 avg=0.0607
  epoch 9 [2700/3937] loss=0.0000 avg=0.0611
  epoch 9 [2720/3937] loss=0.0352 avg=0.0613
  epoch 9 [2740/3937] loss=0.0777 avg=0.0611
  epoch 9 [2760/3937] loss=0.0006 avg=0.0609
  epoch 9 [2780/3937] loss=0.0756 avg=0.0609
  epoch 9 [2800/3937] loss=0.0391 avg=0.0608
  epoch 9 [2820/3937] loss=0.0944 avg=0.0607
  epoch 9 [2840/3937] loss=0.0017 avg=0.0606
  epoch 9 [2860/3937] loss=0.3711 avg=0.0609
  epoch 9 [2880/3937] loss=0.0006 avg=0.0606
  epoch 9 [2900/3937] loss=0.0881 avg=0.0607
  epoch 9 [2920/3937] loss=0.0875 avg=0.0606
  epoch 9 [2940/3937] loss=0.0503 avg=0.0609
  epoch 9 [2960/3937] loss=0.0188 avg=0.0611
  epoch 9 [2980/3937] loss=0.0513 avg=0.0616
  epoch 9 [3000/3937] loss=0.0000 avg=0.0618
  epoch 9 [3020/3937] loss=0.0011 avg=0.0620
  epoch 9 [3040/3937] loss=0.0001 avg=0.0619
  epoch 9 [3060/3937] loss=0.0255 avg=0.0622
  epoch 9 [3080/3937] loss=0.0002 avg=0.0623
  epoch 9 [3100/3937] loss=0.0428 avg=0.0624
  epoch 9 [3120/3937] loss=0.0001 avg=0.0622
  epoch 9 [3140/3937] loss=0.0408 avg=0.0622
  epoch 9 [3160/3937] loss=0.0002 avg=0.0624
  epoch 9 [3180/3937] loss=0.0095 avg=0.0622
  epoch 9 [3200/3937] loss=0.0369 avg=0.0625
  epoch 9 [3220/3937] loss=0.0001 avg=0.0628
  epoch 9 [3240/3937] loss=0.0001 avg=0.0626
  epoch 9 [3260/3937] loss=0.0006 avg=0.0626
  epoch 9 [3280/3937] loss=0.0146 avg=0.0625
  epoch 9 [3300/3937] loss=0.0265 avg=0.0623
  epoch 9 [3320/3937] loss=0.3368 avg=0.0626
  epoch 9 [3340/3937] loss=0.4877 avg=0.0627
  epoch 9 [3360/3937] loss=0.0127 avg=0.0628
  epoch 9 [3380/3937] loss=0.0001 avg=0.0628
  epoch 9 [3400/3937] loss=0.0496 avg=0.0634
  epoch 9 [3420/3937] loss=0.0224 avg=0.0634
  epoch 9 [3440/3937] loss=0.3897 avg=0.0634
  epoch 9 [3460/3937] loss=0.0919 avg=0.0636
  epoch 9 [3480/3937] loss=0.0000 avg=0.0637
  epoch 9 [3500/3937] loss=0.0726 avg=0.0636
  epoch 9 [3520/3937] loss=0.0163 avg=0.0635
  epoch 9 [3540/3937] loss=0.0607 avg=0.0635
  epoch 9 [3560/3937] loss=0.0446 avg=0.0639
  epoch 9 [3580/3937] loss=0.0177 avg=0.0639
  epoch 9 [3600/3937] loss=0.0062 avg=0.0640
  epoch 9 [3620/3937] loss=0.0350 avg=0.0641
  epoch 9 [3640/3937] loss=0.0537 avg=0.0646
  epoch 9 [3660/3937] loss=0.0049 avg=0.0644
  epoch 9 [3680/3937] loss=0.2437 avg=0.0645
  epoch 9 [3700/3937] loss=0.0149 avg=0.0646
  epoch 9 [3720/3937] loss=0.1365 avg=0.0647
  epoch 9 [3740/3937] loss=0.0000 avg=0.0647
  epoch 9 [3760/3937] loss=0.0001 avg=0.0645
  epoch 9 [3780/3937] loss=0.4544 avg=0.0647
  epoch 9 [3800/3937] loss=0.0085 avg=0.0647
  epoch 9 [3820/3937] loss=0.0529 avg=0.0645
  epoch 9 [3840/3937] loss=0.3312 avg=0.0645
  epoch 9 [3860/3937] loss=0.0255 avg=0.0645
  epoch 9 [3880/3937] loss=0.0000 avg=0.0645
  epoch 9 [3900/3937] loss=0.0107 avg=0.0647
  epoch 9 [3920/3937] loss=0.0003 avg=0.0647
[train] epoch 9 done in 1143.3s, avg loss 0.0649
[val]   avg loss 0.1963
[train_fasterrcnn] Saved trained_model\epochs\epoch_9.pth

[train_fasterrcnn] Training complete. Best val loss: 0.1875
[train_fasterrcnn] Best model weights: trained_model\best_model.pth
